Archive member included to satisfy reference by file (symbol)

c:/program files (x86)/gnu arm embedded toolchain/10 2021.10/bin/../lib/gcc/arm-none-eabi/10.3.1/../../../../arm-none-eabi/lib/thumb/v7-m/nofp\libc_nano.a(lib_a-exit.o)
                              c:/program files (x86)/gnu arm embedded toolchain/10 2021.10/bin/../lib/gcc/arm-none-eabi/10.3.1/../../../../arm-none-eabi/lib/thumb/v7-m/nofp/crt0.o (exit)
c:/program files (x86)/gnu arm embedded toolchain/10 2021.10/bin/../lib/gcc/arm-none-eabi/10.3.1/../../../../arm-none-eabi/lib/thumb/v7-m/nofp\libc_nano.a(lib_a-impure.o)
                              c:/program files (x86)/gnu arm embedded toolchain/10 2021.10/bin/../lib/gcc/arm-none-eabi/10.3.1/../../../../arm-none-eabi/lib/thumb/v7-m/nofp\libc_nano.a(lib_a-exit.o) (_global_impure_ptr)
c:/program files (x86)/gnu arm embedded toolchain/10 2021.10/bin/../lib/gcc/arm-none-eabi/10.3.1/../../../../arm-none-eabi/lib/thumb/v7-m/nofp\libc_nano.a(lib_a-init.o)
                              c:/program files (x86)/gnu arm embedded toolchain/10 2021.10/bin/../lib/gcc/arm-none-eabi/10.3.1/../../../../arm-none-eabi/lib/thumb/v7-m/nofp/crt0.o (__libc_init_array)
c:/program files (x86)/gnu arm embedded toolchain/10 2021.10/bin/../lib/gcc/arm-none-eabi/10.3.1/../../../../arm-none-eabi/lib/thumb/v7-m/nofp\libc_nano.a(lib_a-malloc.o)
                              build/freertos.o (malloc)
c:/program files (x86)/gnu arm embedded toolchain/10 2021.10/bin/../lib/gcc/arm-none-eabi/10.3.1/../../../../arm-none-eabi/lib/thumb/v7-m/nofp\libc_nano.a(lib_a-memcpy-stub.o)
                              build/freertos.o (memcpy)
c:/program files (x86)/gnu arm embedded toolchain/10 2021.10/bin/../lib/gcc/arm-none-eabi/10.3.1/../../../../arm-none-eabi/lib/thumb/v7-m/nofp\libc_nano.a(lib_a-memset.o)
                              c:/program files (x86)/gnu arm embedded toolchain/10 2021.10/bin/../lib/gcc/arm-none-eabi/10.3.1/../../../../arm-none-eabi/lib/thumb/v7-m/nofp/crt0.o (memset)
c:/program files (x86)/gnu arm embedded toolchain/10 2021.10/bin/../lib/gcc/arm-none-eabi/10.3.1/../../../../arm-none-eabi/lib/thumb/v7-m/nofp\libc_nano.a(lib_a-nano-freer.o)
                              c:/program files (x86)/gnu arm embedded toolchain/10 2021.10/bin/../lib/gcc/arm-none-eabi/10.3.1/../../../../arm-none-eabi/lib/thumb/v7-m/nofp\libc_nano.a(lib_a-malloc.o) (_free_r)
c:/program files (x86)/gnu arm embedded toolchain/10 2021.10/bin/../lib/gcc/arm-none-eabi/10.3.1/../../../../arm-none-eabi/lib/thumb/v7-m/nofp\libc_nano.a(lib_a-nano-mallocr.o)
                              c:/program files (x86)/gnu arm embedded toolchain/10 2021.10/bin/../lib/gcc/arm-none-eabi/10.3.1/../../../../arm-none-eabi/lib/thumb/v7-m/nofp\libc_nano.a(lib_a-malloc.o) (_malloc_r)
c:/program files (x86)/gnu arm embedded toolchain/10 2021.10/bin/../lib/gcc/arm-none-eabi/10.3.1/../../../../arm-none-eabi/lib/thumb/v7-m/nofp\libc_nano.a(lib_a-printf.o)
                              build/tft.o (printf)
c:/program files (x86)/gnu arm embedded toolchain/10 2021.10/bin/../lib/gcc/arm-none-eabi/10.3.1/../../../../arm-none-eabi/lib/thumb/v7-m/nofp\libc_nano.a(lib_a-sbrkr.o)
                              c:/program files (x86)/gnu arm embedded toolchain/10 2021.10/bin/../lib/gcc/arm-none-eabi/10.3.1/../../../../arm-none-eabi/lib/thumb/v7-m/nofp\libc_nano.a(lib_a-nano-mallocr.o) (_sbrk_r)
c:/program files (x86)/gnu arm embedded toolchain/10 2021.10/bin/../lib/gcc/arm-none-eabi/10.3.1/../../../../arm-none-eabi/lib/thumb/v7-m/nofp\libc_nano.a(lib_a-strcat.o)
                              build/tft.o (strcat)
c:/program files (x86)/gnu arm embedded toolchain/10 2021.10/bin/../lib/gcc/arm-none-eabi/10.3.1/../../../../arm-none-eabi/lib/thumb/v7-m/nofp\libc_nano.a(lib_a-strlen.o)
                              build/tft.o (strlen)
c:/program files (x86)/gnu arm embedded toolchain/10 2021.10/bin/../lib/gcc/arm-none-eabi/10.3.1/../../../../arm-none-eabi/lib/thumb/v7-m/nofp\libc_nano.a(lib_a-findfp.o)
                              c:/program files (x86)/gnu arm embedded toolchain/10 2021.10/bin/../lib/gcc/arm-none-eabi/10.3.1/../../../../arm-none-eabi/lib/thumb/v7-m/nofp\libc_nano.a(lib_a-printf.o) (__sinit)
c:/program files (x86)/gnu arm embedded toolchain/10 2021.10/bin/../lib/gcc/arm-none-eabi/10.3.1/../../../../arm-none-eabi/lib/thumb/v7-m/nofp\libc_nano.a(lib_a-fwalk.o)
                              c:/program files (x86)/gnu arm embedded toolchain/10 2021.10/bin/../lib/gcc/arm-none-eabi/10.3.1/../../../../arm-none-eabi/lib/thumb/v7-m/nofp\libc_nano.a(lib_a-findfp.o) (_fwalk)
c:/program files (x86)/gnu arm embedded toolchain/10 2021.10/bin/../lib/gcc/arm-none-eabi/10.3.1/../../../../arm-none-eabi/lib/thumb/v7-m/nofp\libc_nano.a(lib_a-lock.o)
[...]
Memory Configuration

Name             Origin             Length             Attributes
RAM              0x20000000         0x0000c000         xrw
FLASH            0x08000000         0x00040000         xr
*default*        0x00000000         0xffffffff

Linker script and memory map

LOAD c:/program files (x86)/gnu arm embedded toolchain/10 2021.10/bin/../lib/gcc/arm-none-eabi/10.3.1/thumb/v7-m/nofp/crti.o
LOAD c:/program files (x86)/gnu arm embedded toolchain/10 2021.10/bin/../lib/gcc/arm-none-eabi/10.3.1/thumb/v7-m/nofp/crtbegin.o
LOAD c:/program files (x86)/gnu arm embedded toolchain/10 2021.10/bin/../lib/gcc/arm-none-eabi/10.3.1/../../../../arm-none-eabi/lib/thumb/v7-m/nofp/crt0.o
LOAD build/main.o
LOAD build/ps2.o
LOAD build/motor.o
LOAD build/beep.o
LOAD build/tft.o
LOAD build/bsp.o
LOAD build/gpio.o
LOAD build/freertos.o
LOAD build/tim.o
LOAD build/stm32f1xx_it.o
LOAD build/stm32f1xx_hal_msp.o
LOAD build/stm32f1xx_hal_timebase_tim.o
LOAD build/system_stm32f1xx.o
LOAD build/spi.o
LOAD build/stm32f1xx_hal_gpio_ex.o
LOAD build/stm32f1xx_hal.o
LOAD build/stm32f1xx_hal_rcc.o
LOAD build/stm32f1xx_hal_rcc_ex.o
LOAD build/stm32f1xx_hal_gpio.o
LOAD build/stm32f1xx_hal_dma.o
LOAD build/stm32f1xx_hal_cortex.o
LOAD build/stm32f1xx_hal_pwr.o
LOAD build/stm32f1xx_hal_flash.o
LOAD build/stm32f1xx_hal_flash_ex.o
LOAD build/stm32f1xx_hal_exti.o
LOAD build/stm32f1xx_hal_spi.o
LOAD build/stm32f1xx_hal_tim.o
LOAD build/stm32f1xx_hal_tim_ex.o
LOAD build/croutine.o
LOAD build/event_groups.o
LOAD build/list.o
LOAD build/queue.o
LOAD build/stream_buffer.o
LOAD build/tasks.o
LOAD build/timers.o
LOAD build/cmsis_os.o
LOAD build/heap_4.o
LOAD build/port.o
LOAD build/usart.o
LOAD build/stm32f1xx_hal_uart.o
LOAD build/dma.o
LOAD build/startup_stm32f103xe.o
LOAD c:/program files (x86)/gnu arm embedded toolchain/10 2021.10/bin/../lib/gcc/arm-none-eabi/10.3.1/../../../../arm-none-eabi/lib/thumb/v7-m/nofp\libc_nano.a
LOAD c:/program files (x86)/gnu arm embedded toolchain/10 2021.10/bin/../lib/gcc/arm-none-eabi/10.3.1/../../../../arm-none-eabi/lib/thumb/v7-m/nofp\libm.a
LOAD c:/program files (x86)/gnu arm embedded toolchain/10 2021.10/bin/../lib/gcc/arm-none-eabi/10.3.1/../../../../arm-none-eabi/lib/thumb/v7-m/nofp\libnosys.a
START GROUP
LOAD c:/program files (x86)/gnu arm embedded toolchain/10 2021.10/bin/../lib/gcc/arm-none-eabi/10.3.1/thumb/v7-m/nofp\libgcc.a
LOAD c:/program files (x86)/gnu arm embedded toolchain/10 2021.10/bin/../lib/gcc/arm-none-eabi/10.3.1/../../../../arm-none-eabi/lib/thumb/v7-m/nofp\libc_nano.a
END GROUP
START GROUP
LOAD c:/program files (x86)/gnu arm embedded toolchain/10 2021.10/bin/../lib/gcc/arm-none-eabi/10.3.1/thumb/v7-m/nofp\libgcc.a
LOAD c:/program files (x86)/gnu arm embedded toolchain/10 2021.10/bin/../lib/gcc/arm-none-eabi/10.3.1/../../../../arm-none-eabi/lib/thumb/v7-m/nofp\libc_nano.a
END GROUP
LOAD c:/program files (x86)/gnu arm embedded toolchain/10 2021.10/bin/../lib/gcc/arm-none-eabi/10.3.1/thumb/v7-m/nofp/crtend.o
LOAD c:/program files (x86)/gnu arm embedded toolchain/10 2021.10/bin/../lib/gcc/arm-none-eabi/10.3.1/thumb/v7-m/nofp/crtn.o
                0x2000c000                _estack = 0x2000c000
                0x00000200                _Min_Heap_Size = 0x200
                0x00000400                _Min_Stack_Size = 0x400

.isr_vector     0x08000000      0x1e4
                0x08000000                . = ALIGN (0x4)
 *(.isr_vector)
 .isr_vector    0x08000000      0x1e4 build/startup_stm32f103xe.o
                0x08000000                g_pfnVectors
                0x080001e4                . = ALIGN (0x4)

.text           0x080001f0     0x9078
                0x080001f0                . = ALIGN (0x4)
 *(.text)
 .text          0x080001f0       0x40 c:/program files (x86)/gnu arm embedded toolchain/10 2021.10/bin/../lib/gcc/arm-none-eabi/10.3.1/thumb/v7-m/nofp/crtbegin.o
 .text          0x08000230       0x10 c:/program files (x86)/gnu arm embedded toolchain/10 2021.10/bin/../lib/gcc/arm-none-eabi/10.3.1/../../../../arm-none-eabi/lib/thumb/v7-m/nofp\libc_nano.a(lib_a-strlen.o)
                0x08000230                strlen
 .text          0x08000240      0x168 c:/program files (x86)/gnu arm embedded toolchain/10 2021.10/bin/../lib/gcc/arm-none-eabi/10.3.1/thumb/v7-m/nofp\libgcc.a(_arm_mulsf3.o)
                0x08000240                __aeabi_fmul
                0x08000240                __mulsf3
 .text          0x080003a8      0x378 c:/program files (x86)/gnu arm embedded toolchain/10 2021.10/bin/../lib/gcc/arm-none-eabi/10.3.1/thumb/v7-m/nofp\libgcc.a(_arm_addsubdf3.o)
                0x080003a8                __aeabi_drsub
                0x080003b0                __aeabi_dsub
                0x080003b0                __subdf3
                0x080003b4                __aeabi_dadd
                0x080003b4                __adddf3
                0x0800062c                __floatunsidf
                0x0800062c                __aeabi_ui2d
                0x0800064c                __floatsidf
                0x0800064c                __aeabi_i2d
                0x08000670                __aeabi_f2d
                0x08000670                __extendsfdf2
                0x080006b4                __floatundidf
                0x080006b4                __aeabi_ul2d
                0x080006c4                __floatdidf
                0x080006c4                __aeabi_l2d
 .text          0x08000720      0x424 c:/program files (x86)/gnu arm embedded toolchain/10 2021.10/bin/../lib/gcc/arm-none-eabi/10.3.1/thumb/v7-m/nofp\libgcc.a(_arm_muldivdf3.o)
                0x08000720                __aeabi_dmul
                0x08000720                __muldf3
                0x08000974                __divdf3
                0x08000974                __aeabi_ddiv
 .text          0x08000b44      0x110 c:/program files (x86)/gnu arm embedded toolchain/10 2021.10/bin/../lib/gcc/arm-none-eabi/10.3.1/thumb/v7-m/nofp\libgcc.a(_arm_cmpdf2.o)
                0x08000b44                __gtdf2
                0x08000b44                __gedf2
                0x08000b4c                __ltdf2
                0x08000b4c                __ledf2
                0x08000b54                __nedf2
                0x08000b54                __eqdf2
                0x08000b54                __cmpdf2
                0x08000bd0                __aeabi_cdrcmple
                0x08000be0                __aeabi_cdcmpeq
                0x08000be0                __aeabi_cdcmple
                0x08000bf0                __aeabi_dcmpeq
                0x08000c04                __aeabi_dcmplt
                0x08000c18                __aeabi_dcmple
                0x08000c2c                __aeabi_dcmpge
                0x08000c40                __aeabi_dcmpgt
 .text          0x08000c54       0x2c c:/program files (x86)/gnu arm embedded toolchain/10 2021.10/bin/../lib/gcc/arm-none-eabi/10.3.1/thumb/v7-m/nofp\libgcc.a(_arm_unorddf2.o)
                0x08000c54                __unorddf2
                0x08000c54                __aeabi_dcmpun
 .text          0x08000c80       0x50 c:/program files (x86)/gnu arm embedded toolchain/10 2021.10/bin/../lib/gcc/arm-none-eabi/10.3.1/thumb/v7-m/nofp\libgcc.a(_arm_fixdfsi.o)
                0x08000c80                __aeabi_d2iz
                0x08000c80                __fixdfsi
 .text          0x08000cd0       0x40 c:/program files (x86)/gnu arm embedded toolchain/10 2021.10/bin/../lib/gcc/arm-none-eabi/10.3.1/thumb/v7-m/nofp\libgcc.a(_arm_fixunsdfsi.o)
                0x08000cd0                __aeabi_d2uiz
                0x08000cd0                __fixunsdfsi
 .text          0x08000d10       0xa0 c:/program files (x86)/gnu arm embedded toolchain/10 2021.10/bin/../lib/gcc/arm-none-eabi/10.3.1/thumb/v7-m/nofp\libgcc.a(_arm_truncdfsf2.o)
                0x08000d10                __truncdfsf2
                0x08000d10                __aeabi_d2f
 .text          0x08000db0      0x21c c:/program files (x86)/gnu arm embedded toolchain/10 2021.10/bin/../lib/gcc/arm-none-eabi/10.3.1/thumb/v7-m/nofp\libgcc.a(_arm_addsubsf3.o)
                0x08000db0                __aeabi_frsub
                0x08000db8                __subsf3
                0x08000db8                __aeabi_fsub
                0x08000dbc                __aeabi_fadd
                0x08000dbc                __addsf3
                0x08000f1c                __aeabi_ui2f
                0x08000f1c                __floatunsisf
                0x08000f24                __aeabi_i2f
                0x08000f24                __floatsisf
                0x08000f40                __aeabi_ul2f
                0x08000f40                __floatundisf
                0x08000f50                __aeabi_l2f
                0x08000f50                __floatdisf
 .text          0x08000fcc       0x40 c:/program files (x86)/gnu arm embedded toolchain/10 2021.10/bin/../lib/gcc/arm-none-eabi/10.3.1/thumb/v7-m/nofp\libgcc.a(_arm_fixunssfsi.o)
                0x08000fcc                __fixunssfsi
                0x08000fcc                __aeabi_f2uiz
 *(.text*)
 .text.HAL_TIM_PeriodElapsedCallback
                0x0800100c       0x18 build/main.o
                0x0800100c                HAL_TIM_PeriodElapsedCallback
 .text.Error_Handler
                0x08001024        0x4 build/main.o
                0x08001024                Error_Handler
 .text.SystemClock_Config
                0x08001028       0x64 build/main.o
                0x08001028                SystemClock_Config
 .text.main     0x0800108c       0x3c build/main.o
                0x0800108c                main
 .text.PS2_ReadData
                0x080010c8       0x88 build/ps2.o
                0x080010c8                PS2_ReadData
 .text.PS2_Solve
                0x08001150       0xe2 build/ps2.o
                0x08001150                PS2_Solve
 .text.Motor_Init
                0x08001232       0x26 build/motor.o
                0x08001232                Motor_Init
 .text.Motor_Update
                0x08001258       0x74 build/motor.o
                0x08001258                Motor_Update
 .text.Motor_Control
                0x080012cc       0xa4 build/motor.o
                0x080012cc                Motor_Control
 .text.Beep_Play
                0x08001370       0x5c build/beep.o
                0x08001370                Beep_Play
 .text.TFT_WriteData
                0x080013cc       0x44 build/tft.o
                0x080013cc                TFT_WriteData
 .text.TFT_WriteData16
                0x08001410       0x6c build/tft.o
                0x08001410                TFT_WriteData16
 .text.TFT_WriteCMD
                0x0800147c       0x44 build/tft.o
                0x0800147c                TFT_WriteCMD
 .text.TFT_Init
                0x080014c0      0x1d4 build/tft.o
                0x080014c0                TFT_Init
 .text.TFT_SetPos
                0x08001694       0x36 build/tft.o
                0x08001694                TFT_SetPos
 .text.RGB2565  0x080016ca       0x14 build/tft.o
                0x080016ca                RGB2565
 .text.TFT_Fill
                0x080016de       0x3c build/tft.o
                0x080016de                TFT_Fill
 .text.TFT_DrawLine
                0x0800171a       0xfe build/tft.o
                0x0800171a                TFT_DrawLine
 .text.TFT_DrawArc
                0x08001818      0x18c build/tft.o
                0x08001818                TFT_DrawArc
 .text.TFT_DrawStr
                0x080019a4       0x74 build/tft.o
                0x080019a4                TFT_DrawStr
 .text.TFT_Itoa
                0x08001a18      0x114 build/tft.o
                0x08001a18                TFT_Itoa
 .text.TFT_Test
                0x08001b2c      0x1be build/tft.o
                0x08001b2c                TFT_Test
 *fill*         0x08001cea        0x2 
 .text.delay_us
                0x08001cec       0x34 build/bsp.o
                0x08001cec                delay_us
 .text.MX_GPIO_Init
                0x08001d20      0x144 build/gpio.o
                0x08001d20                MX_GPIO_Init
 .text.StartDefaultTask
                0x08001e64       0x78 build/freertos.o
                0x08001e64                StartDefaultTask
 .text.StartImageTask
                0x08001edc      0x334 build/freertos.o
                0x08001edc                StartImageTask
 .text.StartPS2Task
                0x08002210       0x24 build/freertos.o
                0x08002210                StartPS2Task
 *fill*         0x08002234        0x4 
 .text.StartMotorServoTask
                0x08002238      0x1a4 build/freertos.o
                0x08002238                StartMotorServoTask
 .text.vApplicationGetIdleTaskMemory
                0x080023dc       0x18 build/freertos.o
                0x080023dc                vApplicationGetIdleTaskMemory
 .text.MX_FREERTOS_Init
                0x080023f4       0xac build/freertos.o
                0x080023f4                MX_FREERTOS_Init
 .text.MX_TIM5_Init
                0x080024a0       0x70 build/tim.o
                0x080024a0                MX_TIM5_Init
 .text.HAL_TIM_Base_MspInit
                0x08002510       0x88 build/tim.o
                0x08002510                HAL_TIM_Base_MspInit
 .text.HAL_TIM_MspPostInit
                0x08002598       0xbc build/tim.o
                0x08002598                HAL_TIM_MspPostInit
 .text.MX_TIM2_Init
                0x08002654       0xe8 build/tim.o
                0x08002654                MX_TIM2_Init
 .text.MX_TIM4_Init
                0x0800273c       0xc0 build/tim.o
                0x0800273c                MX_TIM4_Init
 .text.MX_TIM8_Init
                0x080027fc       0xe8 build/tim.o
                0x080027fc                MX_TIM8_Init
 .text.NMI_Handler
                0x080028e4        0x2 build/stm32f1xx_it.o
                0x080028e4                NMI_Handler
 .text.HardFault_Handler
                0x080028e6        0x2 build/stm32f1xx_it.o
                0x080028e6                HardFault_Handler
 .text.MemManage_Handler
                0x080028e8        0x2 build/stm32f1xx_it.o
                0x080028e8                MemManage_Handler
 .text.BusFault_Handler
                0x080028ea        0x2 build/stm32f1xx_it.o
                0x080028ea                BusFault_Handler
 .text.UsageFault_Handler
                0x080028ec        0x2 build/stm32f1xx_it.o
                0x080028ec                UsageFault_Handler
 .text.DebugMon_Handler
                0x080028ee        0x2 build/stm32f1xx_it.o
                0x080028ee                DebugMon_Handler
 .text.DMA1_Channel3_IRQHandler
                0x080028f0       0x10 build/stm32f1xx_it.o
                0x080028f0                DMA1_Channel3_IRQHandler
 .text.DMA1_Channel5_IRQHandler
                0x08002900       0x10 build/stm32f1xx_it.o
                0x08002900                DMA1_Channel5_IRQHandler
 .text.TIM6_IRQHandler
                0x08002910       0x10 build/stm32f1xx_it.o
                0x08002910                TIM6_IRQHandler
 .text.HAL_MspInit
                0x08002920       0x54 build/stm32f1xx_hal_msp.o
                0x08002920                HAL_MspInit
 .text.HAL_InitTick
                0x08002974       0x7c build/stm32f1xx_hal_timebase_tim.o
                0x08002974                HAL_InitTick
 .text.SystemInit
                0x080029f0        0x2 build/system_stm32f1xx.o
                0x080029f0                SystemInit
 *fill*         0x080029f2        0x2 
 .text.MX_SPI1_Init
                0x080029f4       0x48 build/spi.o
                0x080029f4                MX_SPI1_Init
 .text.MX_SPI2_Init
                0x08002a3c       0x44 build/spi.o
                0x08002a3c                MX_SPI2_Init
 .text.HAL_SPI_MspInit
                0x08002a80       0xf8 build/spi.o
                0x08002a80                HAL_SPI_MspInit
 .text.HAL_Init
                0x08002b78       0x24 build/stm32f1xx_hal.o
                0x08002b78                HAL_Init
 .text.HAL_IncTick
                0x08002b9c       0x18 build/stm32f1xx_hal.o
                0x08002b9c                HAL_IncTick
 .text.HAL_GetTick
                0x08002bb4        0xc build/stm32f1xx_hal.o
                0x08002bb4                HAL_GetTick
 .text.HAL_Delay
                0x08002bc0       0x28 build/stm32f1xx_hal.o
                0x08002bc0                HAL_Delay
 .text.RCC_Delay
                0x08002be8       0x2c build/stm32f1xx_hal_rcc.o
 .text.HAL_RCC_OscConfig
                0x08002c14      0x410 build/stm32f1xx_hal_rcc.o
                0x08002c14                HAL_RCC_OscConfig
 .text.HAL_RCC_GetSysClockFreq
                0x08003024       0x70 build/stm32f1xx_hal_rcc.o
                0x08003024                HAL_RCC_GetSysClockFreq
 .text.HAL_RCC_ClockConfig
                0x08003094      0x16c build/stm32f1xx_hal_rcc.o
                0x08003094                HAL_RCC_ClockConfig
 .text.HAL_RCC_GetHCLKFreq
                0x08003200        0xc build/stm32f1xx_hal_rcc.o
                0x08003200                HAL_RCC_GetHCLKFreq
 .text.HAL_RCC_GetPCLK1Freq
                0x0800320c       0x20 build/stm32f1xx_hal_rcc.o
                0x0800320c                HAL_RCC_GetPCLK1Freq
 .text.HAL_RCC_GetPCLK2Freq
                0x0800322c       0x20 build/stm32f1xx_hal_rcc.o
                0x0800322c                HAL_RCC_GetPCLK2Freq
 .text.HAL_RCC_GetClockConfig
                0x0800324c       0x3c build/stm32f1xx_hal_rcc.o
                0x0800324c                HAL_RCC_GetClockConfig
 .text.HAL_GPIO_Init
                0x08003288      0x240 build/stm32f1xx_hal_gpio.o
                0x08003288                HAL_GPIO_Init
 .text.HAL_GPIO_WritePin
                0x080034c8        0xc build/stm32f1xx_hal_gpio.o
                0x080034c8                HAL_GPIO_WritePin
 .text.DMA_SetConfig
                0x080034d4       0x2c build/stm32f1xx_hal_dma.o
 .text.HAL_DMA_Init
                0x08003500       0x98 build/stm32f1xx_hal_dma.o
                0x08003500                HAL_DMA_Init
 .text.HAL_DMA_Start_IT
                0x08003598       0x74 build/stm32f1xx_hal_dma.o
                0x08003598                HAL_DMA_Start_IT
 .text.HAL_DMA_IRQHandler
                0x0800360c      0x2ec build/stm32f1xx_hal_dma.o
                0x0800360c                HAL_DMA_IRQHandler
 .text.HAL_NVIC_SetPriorityGrouping
                0x080038f8       0x24 build/stm32f1xx_hal_cortex.o
                0x080038f8                HAL_NVIC_SetPriorityGrouping
 .text.HAL_NVIC_SetPriority
                0x0800391c       0x70 build/stm32f1xx_hal_cortex.o
                0x0800391c                HAL_NVIC_SetPriority
 .text.HAL_NVIC_EnableIRQ
                0x0800398c       0x1c build/stm32f1xx_hal_cortex.o
                0x0800398c                HAL_NVIC_EnableIRQ
 .text.SPI_WaitFlagStateUntilTimeout
                0x080039a8       0xd4 build/stm32f1xx_hal_spi.o
 .text.SPI_EndRxTxTransaction
                0x08003a7c       0x24 build/stm32f1xx_hal_spi.o
 .text.HAL_SPI_Init
                0x08003aa0       0xb6 build/stm32f1xx_hal_spi.o
                0x08003aa0                HAL_SPI_Init
 .text.HAL_SPI_Transmit
                0x08003b56      0x1b8 build/stm32f1xx_hal_spi.o
                0x08003b56                HAL_SPI_Transmit
 .text.HAL_SPI_TransmitReceive
                0x08003d0e      0x238 build/stm32f1xx_hal_spi.o
                0x08003d0e                HAL_SPI_TransmitReceive
 *fill*         0x08003f46        0x2 
 .text.TIM_OC1_SetConfig
                0x08003f48       0x68 build/stm32f1xx_hal_tim.o
 .text.TIM_OC3_SetConfig
                0x08003fb0       0x70 build/stm32f1xx_hal_tim.o
 .text.TIM_OC4_SetConfig
                0x08004020       0x50 build/stm32f1xx_hal_tim.o
 .text.TIM_TI1_ConfigInputStage
                0x08004070       0x24 build/stm32f1xx_hal_tim.o
 .text.TIM_TI2_ConfigInputStage
                0x08004094       0x26 build/stm32f1xx_hal_tim.o
 .text.TIM_ITRx_SetConfig
                0x080040ba       0x10 build/stm32f1xx_hal_tim.o
 *fill*         0x080040ca        0x2 
 .text.HAL_TIM_Base_Start
                0x080040cc       0x6c build/stm32f1xx_hal_tim.o
                0x080040cc                HAL_TIM_Base_Start
 .text.HAL_TIM_Base_Stop
                0x08004138       0x28 build/stm32f1xx_hal_tim.o
                0x08004138                HAL_TIM_Base_Stop
 .text.HAL_TIM_Base_Start_IT
                0x08004160       0x78 build/stm32f1xx_hal_tim.o
                0x08004160                HAL_TIM_Base_Start_IT
 .text.HAL_TIM_PWM_MspInit
                0x080041d8        0x2 build/stm32f1xx_hal_tim.o
                0x080041d8                HAL_TIM_PWM_MspInit
 .text.HAL_TIM_OC_DelayElapsedCallback
                0x080041da        0x2 build/stm32f1xx_hal_tim.o
                0x080041da                HAL_TIM_OC_DelayElapsedCallback
 .text.HAL_TIM_IC_CaptureCallback
                0x080041dc        0x2 build/stm32f1xx_hal_tim.o
                0x080041dc                HAL_TIM_IC_CaptureCallback
 .text.HAL_TIM_PWM_PulseFinishedCallback
                0x080041de        0x2 build/stm32f1xx_hal_tim.o
                0x080041de                HAL_TIM_PWM_PulseFinishedCallback
 .text.HAL_TIM_TriggerCallback
                0x080041e0        0x2 build/stm32f1xx_hal_tim.o
                0x080041e0                HAL_TIM_TriggerCallback
 .text.HAL_TIM_IRQHandler
                0x080041e2      0x17a build/stm32f1xx_hal_tim.o
                0x080041e2                HAL_TIM_IRQHandler
 .text.TIM_Base_SetConfig
                0x0800435c       0x98 build/stm32f1xx_hal_tim.o
                0x0800435c                TIM_Base_SetConfig
 .text.HAL_TIM_Base_Init
                0x080043f4       0x58 build/stm32f1xx_hal_tim.o
                0x080043f4                HAL_TIM_Base_Init
 .text.HAL_TIM_PWM_Init
                0x0800444c       0x58 build/stm32f1xx_hal_tim.o
                0x0800444c                HAL_TIM_PWM_Init
 .text.TIM_OC2_SetConfig
                0x080044a4       0x70 build/stm32f1xx_hal_tim.o
                0x080044a4                TIM_OC2_SetConfig
 .text.HAL_TIM_PWM_ConfigChannel
                0x08004514       0xd0 build/stm32f1xx_hal_tim.o
                0x08004514                HAL_TIM_PWM_ConfigChannel
 .text.TIM_ETR_SetConfig
                0x080045e4       0x18 build/stm32f1xx_hal_tim.o
                0x080045e4                TIM_ETR_SetConfig
 .text.HAL_TIM_ConfigClockSource
                0x080045fc       0xda build/stm32f1xx_hal_tim.o
                0x080045fc                HAL_TIM_ConfigClockSource
 .text.TIM_CCxChannelCmd
                0x080046d6       0x1e build/stm32f1xx_hal_tim.o
                0x080046d6                TIM_CCxChannelCmd
 .text.HAL_TIM_PWM_Start
                0x080046f4       0xf4 build/stm32f1xx_hal_tim.o
                0x080046f4                HAL_TIM_PWM_Start
 .text.HAL_TIMEx_MasterConfigSynchronization
                0x080047e8       0x7c build/stm32f1xx_hal_tim_ex.o
                0x080047e8                HAL_TIMEx_MasterConfigSynchronization
 .text.HAL_TIMEx_ConfigBreakDeadTime
                0x08004864       0x52 build/stm32f1xx_hal_tim_ex.o
                0x08004864                HAL_TIMEx_ConfigBreakDeadTime
 .text.HAL_TIMEx_CommutCallback
                0x080048b6        0x2 build/stm32f1xx_hal_tim_ex.o
                0x080048b6                HAL_TIMEx_CommutCallback
 .text.HAL_TIMEx_BreakCallback
                0x080048b8        0x2 build/stm32f1xx_hal_tim_ex.o
                0x080048b8                HAL_TIMEx_BreakCallback
 .text.vListInitialise
                0x080048ba       0x16 build/list.o
                0x080048ba                vListInitialise
 .text.vListInitialiseItem
                0x080048d0        0x6 build/list.o
                0x080048d0                vListInitialiseItem
 .text.vListInsertEnd
                0x080048d6       0x16 build/list.o
                0x080048d6                vListInsertEnd
 .text.vListInsert
                0x080048ec       0x32 build/list.o
                0x080048ec                vListInsert
 .text.uxListRemove
                0x0800491e       0x26 build/list.o
                0x0800491e                uxListRemove
 .text.prvResetNextTaskUnblockTime
                0x08004944       0x2c build/tasks.o
 .text.prvInitialiseNewTask
                0x08004970       0x94 build/tasks.o
 .text.prvInitialiseTaskLists
                0x08004a04       0x68 build/tasks.o
 .text.prvAddNewTaskToReadyList
                0x08004a6c       0xa8 build/tasks.o
 .text.prvDeleteTCB
                0x08004b14       0x38 build/tasks.o
 .text.prvCheckTasksWaitingTermination
                0x08004b4c       0x4c build/tasks.o
 .text.prvIdleTask
                0x08004b98       0x28 build/tasks.o
 .text.prvAddCurrentTaskToDelayedList
                0x08004bc0       0x98 build/tasks.o
 .text.xTaskCreateStatic
                0x08004c58       0x74 build/tasks.o
                0x08004c58                xTaskCreateStatic
 .text.xTaskCreate
                0x08004ccc       0x68 build/tasks.o
                0x08004ccc                xTaskCreate
 .text.vTaskStartScheduler
                0x08004d34       0x74 build/tasks.o
                0x08004d34                vTaskStartScheduler
 .text.vTaskSuspendAll
                0x08004da8       0x10 build/tasks.o
                0x08004da8                vTaskSuspendAll
 .text.xTaskIncrementTick
                0x08004db8      0x118 build/tasks.o
                0x08004db8                xTaskIncrementTick
 .text.xTaskResumeAll
                0x08004ed0       0xf8 build/tasks.o
                0x08004ed0                xTaskResumeAll
 .text.vTaskDelay
                0x08004fc8       0x4c build/tasks.o
                0x08004fc8                vTaskDelay
 .text.vTaskSwitchContext
                0x08005014       0x98 build/tasks.o
                0x08005014                vTaskSwitchContext
 .text.makeFreeRtosPriority
                0x080050ac        0xc build/cmsis_os.o
 .text.osKernelStart
                0x080050b8        0xa build/cmsis_os.o
                0x080050b8                osKernelStart
 .text.osThreadCreate
                0x080050c2       0x6a build/cmsis_os.o
                0x080050c2                osThreadCreate
 .text.osDelay  0x0800512c        0xe build/cmsis_os.o
                0x0800512c                osDelay
 *fill*         0x0800513a        0x2 
 .text.prvHeapInit
                0x0800513c       0x64 build/heap_4.o
 .text.prvInsertBlockIntoFreeList
                0x080051a0       0x60 build/heap_4.o
 .text.pvPortMalloc
                0x08005200       0xf0 build/heap_4.o
                0x08005200                pvPortMalloc
 .text.vPortFree
                0x080052f0       0x70 build/heap_4.o
                0x080052f0                vPortFree
 .text.prvTaskExitError
                0x08005360       0x40 build/port.o
 .text.prvPortStartFirstTask
                0x080053a0       0x20 build/port.o
 .text.pxPortInitialiseStack
                0x080053c0       0x24 build/port.o
                0x080053c0                pxPortInitialiseStack
 *fill*         0x080053e4        0xc 
 .text.SVC_Handler
                0x080053f0       0x24 build/port.o
                0x080053f0                SVC_Handler
 .text.vPortEnterCritical
                0x08005414       0x44 build/port.o
                0x08005414                vPortEnterCritical
 .text.vPortExitCritical
                0x08005458       0x2c build/port.o
                0x08005458                vPortExitCritical
 *fill*         0x08005484        0xc 
 .text.PendSV_Handler
                0x08005490       0x44 build/port.o
                0x08005490                PendSV_Handler
 .text.SysTick_Handler
                0x080054d4       0x2c build/port.o
                0x080054d4                SysTick_Handler
 .text.vPortSetupTimerInterrupt
                0x08005500       0x28 build/port.o
                0x08005500                vPortSetupTimerInterrupt
 .text.xPortStartScheduler
                0x08005528       0xc0 build/port.o
                0x08005528                xPortStartScheduler
 .text.MX_UART5_Init
                0x080055e8       0x34 build/usart.o
                0x080055e8                MX_UART5_Init
 .text.MX_USART3_UART_Init
                0x0800561c       0x34 build/usart.o
                0x0800561c                MX_USART3_UART_Init
 .text.HAL_UART_MspInit
                0x08005650      0x120 build/usart.o
                0x08005650                HAL_UART_MspInit
 .text.UART_EndTxTransfer
                0x08005770       0x12 build/stm32f1xx_hal_uart.o
 .text.UART_EndRxTransfer
                0x08005782       0x32 build/stm32f1xx_hal_uart.o
 .text.UART_SetConfig
                0x080057b4       0x94 build/stm32f1xx_hal_uart.o
 .text.HAL_UART_Init
                0x08005848       0x5e build/stm32f1xx_hal_uart.o
                0x08005848                HAL_UART_Init
 .text.HAL_UART_RxCpltCallback
                0x080058a6        0x2 build/stm32f1xx_hal_uart.o
                0x080058a6                HAL_UART_RxCpltCallback
 .text.HAL_UART_RxHalfCpltCallback
                0x080058a8        0x2 build/stm32f1xx_hal_uart.o
                0x080058a8                HAL_UART_RxHalfCpltCallback
 .text.HAL_UART_ErrorCallback
                0x080058aa        0x2 build/stm32f1xx_hal_uart.o
                0x080058aa                HAL_UART_ErrorCallback
 .text.UART_DMAError
                0x080058ac       0x58 build/stm32f1xx_hal_uart.o
 .text.HAL_UARTEx_RxEventCallback
                0x08005904        0x2 build/stm32f1xx_hal_uart.o
                0x08005904                HAL_UARTEx_RxEventCallback
 .text.UART_DMARxHalfCplt
                0x08005906       0x1a build/stm32f1xx_hal_uart.o
 .text.UART_DMAReceiveCplt
                0x08005920       0x5e build/stm32f1xx_hal_uart.o
 *fill*         0x0800597e        0x2 
 .text.UART_Start_Receive_DMA
                0x08005980       0x78 build/stm32f1xx_hal_uart.o
                0x08005980                UART_Start_Receive_DMA
 .text.HAL_UART_Receive_DMA
                0x080059f8       0x38 build/stm32f1xx_hal_uart.o
                0x080059f8                HAL_UART_Receive_DMA
 .text.MX_DMA_Init
                0x08005a30       0x44 build/dma.o
                0x08005a30                MX_DMA_Init
 .text.Reset_Handler
                0x08005a74       0x48 build/startup_stm32f103xe.o
                0x08005a74                Reset_Handler
 .text.Default_Handler
                0x08005abc        0x2 build/startup_stm32f103xe.o
                0x08005abc                RTC_Alarm_IRQHandler
                0x08005abc                EXTI2_IRQHandler
                0x08005abc                TIM8_TRG_COM_IRQHandler
                0x08005abc                TIM8_CC_IRQHandler
                0x08005abc                TIM1_CC_IRQHandler
                0x08005abc                PVD_IRQHandler
                0x08005abc                SDIO_IRQHandler
                0x08005abc                EXTI3_IRQHandler
                0x08005abc                EXTI0_IRQHandler
                0x08005abc                I2C2_EV_IRQHandler
                0x08005abc                ADC1_2_IRQHandler
                0x08005abc                SPI1_IRQHandler
                0x08005abc                TAMPER_IRQHandler
                0x08005abc                TIM8_UP_IRQHandler
                0x08005abc                DMA2_Channel2_IRQHandler
                0x08005abc                DMA1_Channel4_IRQHandler
                0x08005abc                USART3_IRQHandler
                0x08005abc                RTC_IRQHandler
                0x08005abc                DMA1_Channel7_IRQHandler
                0x08005abc                CAN1_RX1_IRQHandler
                0x08005abc                UART5_IRQHandler
                0x08005abc                ADC3_IRQHandler
                0x08005abc                TIM4_IRQHandler
                0x08005abc                DMA2_Channel1_IRQHandler
                0x08005abc                I2C1_EV_IRQHandler
                0x08005abc                DMA1_Channel6_IRQHandler
                0x08005abc                UART4_IRQHandler
                0x08005abc                TIM3_IRQHandler
                0x08005abc                RCC_IRQHandler
                0x08005abc                TIM1_TRG_COM_IRQHandler
                0x08005abc                DMA1_Channel1_IRQHandler
                0x08005abc                Default_Handler
                0x08005abc                EXTI15_10_IRQHandler
                0x08005abc                TIM7_IRQHandler
                0x08005abc                TIM5_IRQHandler
                0x08005abc                EXTI9_5_IRQHandler
                0x08005abc                SPI2_IRQHandler
                0x08005abc                EXTI4_IRQHandler
                0x08005abc                USB_LP_CAN1_RX0_IRQHandler
                0x08005abc                USB_HP_CAN1_TX_IRQHandler
                0x08005abc                FSMC_IRQHandler
                0x08005abc                TIM1_UP_IRQHandler
                0x08005abc                WWDG_IRQHandler
                0x08005abc                TIM2_IRQHandler
                0x08005abc                TIM1_BRK_IRQHandler
                0x08005abc                EXTI1_IRQHandler
                0x08005abc                DMA2_Channel4_5_IRQHandler
                0x08005abc                USART2_IRQHandler
                0x08005abc                I2C2_ER_IRQHandler
                0x08005abc                DMA1_Channel2_IRQHandler
                0x08005abc                TIM8_BRK_IRQHandler
                0x08005abc                CAN1_SCE_IRQHandler
                0x08005abc                FLASH_IRQHandler
                0x08005abc                USART1_IRQHandler
                0x08005abc                SPI3_IRQHandler
                0x08005abc                I2C1_ER_IRQHandler
                0x08005abc                USBWakeUp_IRQHandler
                0x08005abc                DMA2_Channel3_IRQHandler
 *fill*         0x08005abe        0x2 
 .text.__libc_init_array
                0x08005ac0       0x48 c:/program files (x86)/gnu arm embedded toolchain/10 2021.10/bin/../lib/gcc/arm-none-eabi/10.3.1/../../../../arm-none-eabi/lib/thumb/v7-m/nofp\libc_nano.a(lib_a-init.o)
                0x08005ac0                __libc_init_array
 .text.malloc   0x08005b08       0x10 c:/program files (x86)/gnu arm embedded toolchain/10 2021.10/bin/../lib/gcc/arm-none-eabi/10.3.1/../../../../arm-none-eabi/lib/thumb/v7-m/nofp\libc_nano.a(lib_a-malloc.o)
                0x08005b08                malloc
 .text.memcpy   0x08005b18       0x1c c:/program files (x86)/gnu arm embedded toolchain/10 2021.10/bin/../lib/gcc/arm-none-eabi/10.3.1/../../../../arm-none-eabi/lib/thumb/v7-m/nofp\libc_nano.a(lib_a-memcpy-stub.o)
                0x08005b18                memcpy
 .text.memset   0x08005b34       0x10 c:/program files (x86)/gnu arm embedded toolchain/10 2021.10/bin/../lib/gcc/arm-none-eabi/10.3.1/../../../../arm-none-eabi/lib/thumb/v7-m/nofp\libc_nano.a(lib_a-memset.o)
                0x08005b34                memset
 .text._free_r  0x08005b44       0x90 c:/program files (x86)/gnu arm embedded toolchain/10 2021.10/bin/../lib/gcc/arm-none-eabi/10.3.1/../../../../arm-none-eabi/lib/thumb/v7-m/nofp\libc_nano.a(lib_a-nano-freer.o)
                0x08005b44                _free_r
 .text.sbrk_aligned
                0x08005bd4       0x40 c:/program files (x86)/gnu arm embedded toolchain/10 2021.10/bin/../lib/gcc/arm-none-eabi/10.3.1/../../../../arm-none-eabi/lib/thumb/v7-m/nofp\libc_nano.a(lib_a-nano-mallocr.o)
 .text._malloc_r
                0x08005c14       0xe8 c:/program files (x86)/gnu arm embedded toolchain/10 2021.10/bin/../lib/gcc/arm-none-eabi/10.3.1/../../../../arm-none-eabi/lib/thumb/v7-m/nofp\libc_nano.a(lib_a-nano-mallocr.o)
                0x08005c14                _malloc_r
 .text.printf   0x08005cfc       0x30 c:/program files (x86)/gnu arm embedded toolchain/10 2021.10/bin/../lib/gcc/arm-none-eabi/10.3.1/../../../../arm-none-eabi/lib/thumb/v7-m/nofp\libc_nano.a(lib_a-printf.o)
                0x08005cfc                iprintf
                0x08005cfc                printf
 .text._sbrk_r  0x08005d2c       0x20 c:/program files (x86)/gnu arm embedded toolchain/10 2021.10/bin/../lib/gcc/arm-none-eabi/10.3.1/../../../../arm-none-eabi/lib/thumb/v7-m/nofp\libc_nano.a(lib_a-sbrkr.o)
                0x08005d2c                _sbrk_r
 .text.strcat   0x08005d4c       0x1e c:/program files (x86)/gnu arm embedded toolchain/10 2021.10/bin/../lib/gcc/arm-none-eabi/10.3.1/../../../../arm-none-eabi/lib/thumb/v7-m/nofp\libc_nano.a(lib_a-strcat.o)
                0x08005d4c                strcat
 *fill*         0x08005d6a        0x2 
 .text.std      0x08005d6c       0x48 c:/program files (x86)/gnu arm embedded toolchain/10 2021.10/bin/../lib/gcc/arm-none-eabi/10.3.1/../../../../arm-none-eabi/lib/thumb/v7-m/nofp\libc_nano.a(lib_a-findfp.o)
 .text._cleanup_r
                0x08005db4        0xc c:/program files (x86)/gnu arm embedded toolchain/10 2021.10/bin/../lib/gcc/arm-none-eabi/10.3.1/../../../../arm-none-eabi/lib/thumb/v7-m/nofp\libc_nano.a(lib_a-findfp.o)
                0x08005db4                _cleanup_r
 .text.__sfmoreglue
                0x08005dc0       0x2c c:/program files (x86)/gnu arm embedded toolchain/10 2021.10/bin/../lib/gcc/arm-none-eabi/10.3.1/../../../../arm-none-eabi/lib/thumb/v7-m/nofp\libc_nano.a(lib_a-findfp.o)
                0x08005dc0                __sfmoreglue
 .text.__sfp_lock_acquire
                0x08005dec        0xc c:/program files (x86)/gnu arm embedded toolchain/10 2021.10/bin/../lib/gcc/arm-none-eabi/10.3.1/../../../../arm-none-eabi/lib/thumb/v7-m/nofp\libc_nano.a(lib_a-findfp.o)
                0x08005dec                __sfp_lock_acquire
 .text.__sfp_lock_release
                0x08005df8        0xc c:/program files (x86)/gnu arm embedded toolchain/10 2021.10/bin/../lib/gcc/arm-none-eabi/10.3.1/../../../../arm-none-eabi/lib/thumb/v7-m/nofp\libc_nano.a(lib_a-findfp.o)
                0x08005df8                __sfp_lock_release
 .text.__sinit_lock_acquire
                0x08005e04        0xc c:/program files (x86)/gnu arm embedded toolchain/10 2021.10/bin/../lib/gcc/arm-none-eabi/10.3.1/../../../../arm-none-eabi/lib/thumb/v7-m/nofp\libc_nano.a(lib_a-findfp.o)
                0x08005e04                __sinit_lock_acquire
 .text.__sinit_lock_release
                0x08005e10        0xc c:/program files (x86)/gnu arm embedded toolchain/10 2021.10/bin/../lib/gcc/arm-none-eabi/10.3.1/../../../../arm-none-eabi/lib/thumb/v7-m/nofp\libc_nano.a(lib_a-findfp.o)
                0x08005e10                __sinit_lock_release
 .text.__sinit  0x08005e1c       0x70 c:/program files (x86)/gnu arm embedded toolchain/10 2021.10/bin/../lib/gcc/arm-none-eabi/10.3.1/../../../../arm-none-eabi/lib/thumb/v7-m/nofp\libc_nano.a(lib_a-findfp.o)
                0x08005e1c                __sinit
 .text.__sfp    0x08005e8c       0x8c c:/program files (x86)/gnu arm embedded toolchain/10 2021.10/bin/../lib/gcc/arm-none-eabi/10.3.1/../../../../arm-none-eabi/lib/thumb/v7-m/nofp\libc_nano.a(lib_a-findfp.o)
                0x08005e8c                __sfp
 .text._fwalk_reent
                0x08005f18       0x3e c:/program files (x86)/gnu arm embedded toolchain/10 2021.10/bin/../lib/gcc/arm-none-eabi/10.3.1/../../../../arm-none-eabi/lib/thumb/v7-m/nofp\libc_nano.a(lib_a-fwalk.o)
                0x08005f18                _fwalk_reent
 .text.__retarget_lock_init_recursive
                0x08005f56        0x2 c:/program files (x86)/gnu arm embedded toolchain/10 2021.10/bin/../lib/gcc/arm-none-eabi/10.3.1/../../../../arm-none-eabi/lib/thumb/v7-m/nofp\libc_nano.a(lib_a-lock.o)
                0x08005f56                __retarget_lock_init_recursive
 .text.__retarget_lock_acquire_recursive
                0x08005f58        0x2 c:/program files (x86)/gnu arm embedded toolchain/10 2021.10/bin/../lib/gcc/arm-none-eabi/10.3.1/../../../../arm-none-eabi/lib/thumb/v7-m/nofp\libc_nano.a(lib_a-lock.o)
                0x08005f58                __retarget_lock_acquire_recursive
 .text.__retarget_lock_release_recursive
                0x08005f5a        0x2 c:/program files (x86)/gnu arm embedded toolchain/10 2021.10/bin/../lib/gcc/arm-none-eabi/10.3.1/../../../../arm-none-eabi/lib/thumb/v7-m/nofp\libc_nano.a(lib_a-lock.o)
                0x08005f5a                __retarget_lock_release_recursive
 .text.__malloc_lock
                0x08005f5c        0xc c:/program files (x86)/gnu arm embedded toolchain/10 2021.10/bin/../lib/gcc/arm-none-eabi/10.3.1/../../../../arm-none-eabi/lib/thumb/v7-m/nofp\libc_nano.a(lib_a-mlock.o)
                0x08005f5c                __malloc_lock
 .text.__malloc_unlock
                0x08005f68        0xc c:/program files (x86)/gnu arm embedded toolchain/10 2021.10/bin/../lib/gcc/arm-none-eabi/10.3.1/../../../../arm-none-eabi/lib/thumb/v7-m/nofp\libc_nano.a(lib_a-mlock.o)
                0x08005f68                __malloc_unlock
 .text.__sfputc_r
                0x08005f74       0x2a c:/program files (x86)/gnu arm embedded toolchain/10 2021.10/bin/../lib/gcc/arm-none-eabi/10.3.1/../../../../arm-none-eabi/lib/thumb/v7-m/nofp\libc_nano.a(lib_a-nano-vfprintf.o)
 .text.__sfputs_r
                0x08005f9e       0x24 c:/program files (x86)/gnu arm embedded toolchain/10 2021.10/bin/../lib/gcc/arm-none-eabi/10.3.1/../../../../arm-none-eabi/lib/thumb/v7-m/nofp\libc_nano.a(lib_a-nano-vfprintf.o)
                0x08005f9e                __sfputs_r
 *fill*         0x08005fc2        0x2 
 .text._vfprintf_r
                0x08005fc4      0x260 c:/program files (x86)/gnu arm embedded toolchain/10 2021.10/bin/../lib/gcc/arm-none-eabi/10.3.1/../../../../arm-none-eabi/lib/thumb/v7-m/nofp\libc_nano.a(lib_a-nano-vfprintf.o)
                0x08005fc4                _vfprintf_r
                0x08005fc4                _vfiprintf_r
 .text._printf_common
                0x08006224       0xde c:/program files (x86)/gnu arm embedded toolchain/10 2021.10/bin/../lib/gcc/arm-none-eabi/10.3.1/../../../../arm-none-eabi/lib/thumb/v7-m/nofp\libc_nano.a(lib_a-nano-vfprintf_i.o)
                0x08006224                _printf_common
 *fill*         0x08006302        0x2 
 .text._printf_i
                0x08006304      0x24c c:/program files (x86)/gnu arm embedded toolchain/10 2021.10/bin/../lib/gcc/arm-none-eabi/10.3.1/../../../../arm-none-eabi/lib/thumb/v7-m/nofp\libc_nano.a(lib_a-nano-vfprintf_i.o)
                0x08006304                _printf_i
 .text.__sread  0x08006550       0x22 c:/program files (x86)/gnu arm embedded toolchain/10 2021.10/bin/../lib/gcc/arm-none-eabi/10.3.1/../../../../arm-none-eabi/lib/thumb/v7-m/nofp\libc_nano.a(lib_a-stdio.o)
                0x08006550                __sread
 .text.__swrite
                0x08006572       0x38 c:/program files (x86)/gnu arm embedded toolchain/10 2021.10/bin/../lib/gcc/arm-none-eabi/10.3.1/../../../../arm-none-eabi/lib/thumb/v7-m/nofp\libc_nano.a(lib_a-stdio.o)
                0x08006572                __swrite
 .text.__sseek  0x080065aa       0x24 c:/program files (x86)/gnu arm embedded toolchain/10 2021.10/bin/../lib/gcc/arm-none-eabi/10.3.1/../../../../arm-none-eabi/lib/thumb/v7-m/nofp\libc_nano.a(lib_a-stdio.o)
                0x080065aa                __sseek
 .text.__sclose
                0x080065ce        0x8 c:/program files (x86)/gnu arm embedded toolchain/10 2021.10/bin/../lib/gcc/arm-none-eabi/10.3.1/../../../../arm-none-eabi/lib/thumb/v7-m/nofp\libc_nano.a(lib_a-stdio.o)
                0x080065ce                __sclose
 *fill*         0x080065d6        0x2 
 .text.__swbuf_r
                0x080065d8       0xa4 c:/program files (x86)/gnu arm embedded toolchain/10 2021.10/bin/../lib/gcc/arm-none-eabi/10.3.1/../../../../arm-none-eabi/lib/thumb/v7-m/nofp\libc_nano.a(lib_a-wbuf.o)
                0x080065d8                __swbuf_r
 .text._write_r
                0x0800667c       0x24 c:/program files (x86)/gnu arm embedded toolchain/10 2021.10/bin/../lib/gcc/arm-none-eabi/10.3.1/../../../../arm-none-eabi/lib/thumb/v7-m/nofp\libc_nano.a(lib_a-writer.o)
                0x0800667c                _write_r
 .text.__swsetup_r
                0x080066a0       0xdc c:/program files (x86)/gnu arm embedded toolchain/10 2021.10/bin/../lib/gcc/arm-none-eabi/10.3.1/../../../../arm-none-eabi/lib/thumb/v7-m/nofp\libc_nano.a(lib_a-wsetup.o)
                0x080066a0                __swsetup_r
 .text._close_r
                0x0800677c       0x20 c:/program files (x86)/gnu arm embedded toolchain/10 2021.10/bin/../lib/gcc/arm-none-eabi/10.3.1/../../../../arm-none-eabi/lib/thumb/v7-m/nofp\libc_nano.a(lib_a-closer.o)
                0x0800677c                _close_r
 .text.__sflush_r
                0x0800679c      0x104 c:/program files (x86)/gnu arm embedded toolchain/10 2021.10/bin/../lib/gcc/arm-none-eabi/10.3.1/../../../../arm-none-eabi/lib/thumb/v7-m/nofp\libc_nano.a(lib_a-fflush.o)
                0x0800679c                __sflush_r
 .text._fflush_r
                0x080068a0       0x78 c:/program files (x86)/gnu arm embedded toolchain/10 2021.10/bin/../lib/gcc/arm-none-eabi/10.3.1/../../../../arm-none-eabi/lib/thumb/v7-m/nofp\libc_nano.a(lib_a-fflush.o)
                0x080068a0                _fflush_r
 .text._lseek_r
                0x08006918       0x24 c:/program files (x86)/gnu arm embedded toolchain/10 2021.10/bin/../lib/gcc/arm-none-eabi/10.3.1/../../../../arm-none-eabi/lib/thumb/v7-m/nofp\libc_nano.a(lib_a-lseekr.o)
                0x08006918                _lseek_r
 .text.__swhatbuf_r
                0x0800693c       0x4a c:/program files (x86)/gnu arm embedded toolchain/10 2021.10/bin/../lib/gcc/arm-none-eabi/10.3.1/../../../../arm-none-eabi/lib/thumb/v7-m/nofp\libc_nano.a(lib_a-makebuf.o)
                0x0800693c                __swhatbuf_r
 *fill*         0x08006986        0x2 
 .text.__smakebuf_r
                0x08006988       0x80 c:/program files (x86)/gnu arm embedded toolchain/10 2021.10/bin/../lib/gcc/arm-none-eabi/10.3.1/../../../../arm-none-eabi/lib/thumb/v7-m/nofp\libc_nano.a(lib_a-makebuf.o)
                0x08006988                __smakebuf_r
 .text.memchr   0x08006a08       0x1c c:/program files (x86)/gnu arm embedded toolchain/10 2021.10/bin/../lib/gcc/arm-none-eabi/10.3.1/../../../../arm-none-eabi/lib/thumb/v7-m/nofp\libc_nano.a(lib_a-memchr-stub.o)
                0x08006a08                memchr
 .text._read_r  0x08006a24       0x24 c:/program files (x86)/gnu arm embedded toolchain/10 2021.10/bin/../lib/gcc/arm-none-eabi/10.3.1/../../../../arm-none-eabi/lib/thumb/v7-m/nofp\libc_nano.a(lib_a-readr.o)
                0x08006a24                _read_r
 .text._fstat_r
                0x08006a48       0x24 c:/program files (x86)/gnu arm embedded toolchain/10 2021.10/bin/../lib/gcc/arm-none-eabi/10.3.1/../../../../arm-none-eabi/lib/thumb/v7-m/nofp\libc_nano.a(lib_a-fstatr.o)
                0x08006a48                _fstat_r
 .text._isatty_r
                0x08006a6c       0x20 c:/program files (x86)/gnu arm embedded toolchain/10 2021.10/bin/../lib/gcc/arm-none-eabi/10.3.1/../../../../arm-none-eabi/lib/thumb/v7-m/nofp\libc_nano.a(lib_a-isattyr.o)
                0x08006a6c                _isatty_r
 .text.cos      0x08006a8c       0xa4 c:/program files (x86)/gnu arm embedded toolchain/10 2021.10/bin/../lib/gcc/arm-none-eabi/10.3.1/../../../../arm-none-eabi/lib/thumb/v7-m/nofp\libm.a(lib_a-s_cos.o)
                0x08006a8c                cos
 .text.sin      0x08006b30       0xb0 c:/program files (x86)/gnu arm embedded toolchain/10 2021.10/bin/../lib/gcc/arm-none-eabi/10.3.1/../../../../arm-none-eabi/lib/thumb/v7-m/nofp\libm.a(lib_a-s_sin.o)
                0x08006b30                sin
 .text.log10    0x08006be0       0x68 c:/program files (x86)/gnu arm embedded toolchain/10 2021.10/bin/../lib/gcc/arm-none-eabi/10.3.1/../../../../arm-none-eabi/lib/thumb/v7-m/nofp\libm.a(lib_a-w_log10.o)
                0x08006be0                log10
 .text.pow      0x08006c48       0xdc c:/program files (x86)/gnu arm embedded toolchain/10 2021.10/bin/../lib/gcc/arm-none-eabi/10.3.1/../../../../arm-none-eabi/lib/thumb/v7-m/nofp\libm.a(lib_a-w_pow.o)
                0x08006c48                pow
 *fill*         0x08006d24        0x4 
 .text.__ieee754_log10
                0x08006d28      0x114 c:/program files (x86)/gnu arm embedded toolchain/10 2021.10/bin/../lib/gcc/arm-none-eabi/10.3.1/../../../../arm-none-eabi/lib/thumb/v7-m/nofp\libm.a(lib_a-e_log10.o)
                0x08006d28                __ieee754_log10
 *fill*         0x08006e3c        0x4 
 .text.__ieee754_pow
                0x08006e40      0xb08 c:/program files (x86)/gnu arm embedded toolchain/10 2021.10/bin/../lib/gcc/arm-none-eabi/10.3.1/../../../../arm-none-eabi/lib/thumb/v7-m/nofp\libm.a(lib_a-e_pow.o)
                0x08006e40                __ieee754_pow
 .text.__ieee754_rem_pio2
                0x08007948      0x454 c:/program files (x86)/gnu arm embedded toolchain/10 2021.10/bin/../lib/gcc/arm-none-eabi/10.3.1/../../../../arm-none-eabi/lib/thumb/v7-m/nofp\libm.a(lib_a-e_rem_pio2.o)
                0x08007948                __ieee754_rem_pio2
 .text.__ieee754_sqrt
                0x08007d9c      0x18c c:/program files (x86)/gnu arm embedded toolchain/10 2021.10/bin/../lib/gcc/arm-none-eabi/10.3.1/../../../../arm-none-eabi/lib/thumb/v7-m/nofp\libm.a(lib_a-e_sqrt.o)
                0x08007d9c                __ieee754_sqrt
 .text.__kernel_cos
                0x08007f28      0x250 c:/program files (x86)/gnu arm embedded toolchain/10 2021.10/bin/../lib/gcc/arm-none-eabi/10.3.1/../../../../arm-none-eabi/lib/thumb/v7-m/nofp\libm.a(lib_a-k_cos.o)
                0x08007f28                __kernel_cos
 .text.__kernel_rem_pio2
                0x08008178      0x850 c:/program files (x86)/gnu arm embedded toolchain/10 2021.10/bin/../lib/gcc/arm-none-eabi/10.3.1/../../../../arm-none-eabi/lib/thumb/v7-m/nofp\libm.a(lib_a-k_rem_pio2.o)
                0x08008178                __kernel_rem_pio2
 .text.__kernel_sin
                0x080089c8      0x184 c:/program files (x86)/gnu arm embedded toolchain/10 2021.10/bin/../lib/gcc/arm-none-eabi/10.3.1/../../../../arm-none-eabi/lib/thumb/v7-m/nofp\libm.a(lib_a-k_sin.o)
                0x080089c8                __kernel_sin
 .text.with_errno
                0x08008b4c       0x18 c:/program files (x86)/gnu arm embedded toolchain/10 2021.10/bin/../lib/gcc/arm-none-eabi/10.3.1/../../../../arm-none-eabi/lib/thumb/v7-m/nofp\libm.a(lib_a-math_err.o)
 .text.xflow    0x08008b64       0x30 c:/program files (x86)/gnu arm embedded toolchain/10 2021.10/bin/../lib/gcc/arm-none-eabi/10.3.1/../../../../arm-none-eabi/lib/thumb/v7-m/nofp\libm.a(lib_a-math_err.o)
 .text.__math_uflow
                0x08008b94        0xc c:/program files (x86)/gnu arm embedded toolchain/10 2021.10/bin/../lib/gcc/arm-none-eabi/10.3.1/../../../../arm-none-eabi/lib/thumb/v7-m/nofp\libm.a(lib_a-math_err.o)
                0x08008b94                __math_uflow
 .text.__math_oflow
                0x08008ba0        0xc c:/program files (x86)/gnu arm embedded toolchain/10 2021.10/bin/../lib/gcc/arm-none-eabi/10.3.1/../../../../arm-none-eabi/lib/thumb/v7-m/nofp\libm.a(lib_a-math_err.o)
                0x08008ba0                __math_oflow
 .text.fabs     0x08008bac        0x8 c:/program files (x86)/gnu arm embedded toolchain/10 2021.10/bin/../lib/gcc/arm-none-eabi/10.3.1/../../../../arm-none-eabi/lib/thumb/v7-m/nofp\libm.a(lib_a-s_fabs.o)
                0x08008bac                fabs
 .text.finite   0x08008bb4        0xc c:/program files (x86)/gnu arm embedded toolchain/10 2021.10/bin/../lib/gcc/arm-none-eabi/10.3.1/../../../../arm-none-eabi/lib/thumb/v7-m/nofp\libm.a(lib_a-s_finite.o)
                0x08008bb4                finite
 .text.floor    0x08008bc0       0xf8 c:/program files (x86)/gnu arm embedded toolchain/10 2021.10/bin/../lib/gcc/arm-none-eabi/10.3.1/../../../../arm-none-eabi/lib/thumb/v7-m/nofp\libm.a(lib_a-s_floor.o)
                0x08008bc0                floor
 .text.nan      0x08008cb8        0xc c:/program files (x86)/gnu arm embedded toolchain/10 2021.10/bin/../lib/gcc/arm-none-eabi/10.3.1/../../../../arm-none-eabi/lib/thumb/v7-m/nofp\libm.a(lib_a-s_nan.o)
                0x08008cb8                nan
 *fill*         0x08008cc4        0x4 
 .text.scalbn   0x08008cc8       0xfc c:/program files (x86)/gnu arm embedded toolchain/10 2021.10/bin/../lib/gcc/arm-none-eabi/10.3.1/../../../../arm-none-eabi/lib/thumb/v7-m/nofp\libm.a(lib_a-s_scalbn.o)
                0x08008cc8                scalbn
 *fill*         0x08008dc4        0x4 
 .text.__ieee754_log
                0x08008dc8      0x400 c:/program files (x86)/gnu arm embedded toolchain/10 2021.10/bin/../lib/gcc/arm-none-eabi/10.3.1/../../../../arm-none-eabi/lib/thumb/v7-m/nofp\libm.a(lib_a-e_log.o)
                0x08008dc8                __ieee754_log
 .text._close   0x080091c8       0x10 c:/program files (x86)/gnu arm embedded toolchain/10 2021.10/bin/../lib/gcc/arm-none-eabi/10.3.1/../../../../arm-none-eabi/lib/thumb/v7-m/nofp\libnosys.a(close.o)
                0x080091c8                _close
 .text._fstat   0x080091d8       0x10 c:/program files (x86)/gnu arm embedded toolchain/10 2021.10/bin/../lib/gcc/arm-none-eabi/10.3.1/../../../../arm-none-eabi/lib/thumb/v7-m/nofp\libnosys.a(fstat.o)
                0x080091d8                _fstat
 .text._isatty  0x080091e8       0x10 c:/program files (x86)/gnu arm embedded toolchain/10 2021.10/bin/../lib/gcc/arm-none-eabi/10.3.1/../../../../arm-none-eabi/lib/thumb/v7-m/nofp\libnosys.a(isatty.o)
                0x080091e8                _isatty
 .text._lseek   0x080091f8       0x10 c:/program files (x86)/gnu arm embedded toolchain/10 2021.10/bin/../lib/gcc/arm-none-eabi/10.3.1/../../../../arm-none-eabi/lib/thumb/v7-m/nofp\libnosys.a(lseek.o)
                0x080091f8                _lseek
 .text._read    0x08009208       0x10 c:/program files (x86)/gnu arm embedded toolchain/10 2021.10/bin/../lib/gcc/arm-none-eabi/10.3.1/../../../../arm-none-eabi/lib/thumb/v7-m/nofp\libnosys.a(read.o)
                0x08009208                _read
 .text._sbrk    0x08009218       0x1c c:/program files (x86)/gnu arm embedded toolchain/10 2021.10/bin/../lib/gcc/arm-none-eabi/10.3.1/../../../../arm-none-eabi/lib/thumb/v7-m/nofp\libnosys.a(sbrk.o)
                0x08009218                _sbrk
 .text._write   0x08009234       0x10 c:/program files (x86)/gnu arm embedded toolchain/10 2021.10/bin/../lib/gcc/arm-none-eabi/10.3.1/../../../../arm-none-eabi/lib/thumb/v7-m/nofp\libnosys.a(write.o)
                0x08009234                _write
 .text.__errno  0x08009244        0xc c:/program files (x86)/gnu arm embedded toolchain/10 2021.10/bin/../lib/gcc/arm-none-eabi/10.3.1/../../../../arm-none-eabi/lib/thumb/v7-m/nofp\libc_nano.a(lib_a-errno.o)
                0x08009244                __errno
 *(.glue_7)
 .glue_7        0x08009250        0x0 linker stubs
 *(.glue_7t)
 .glue_7t       0x08009250        0x0 linker stubs
 *(.eh_frame)
 .eh_frame      0x08009250        0x0 c:/program files (x86)/gnu arm embedded toolchain/10 2021.10/bin/../lib/gcc/arm-none-eabi/10.3.1/thumb/v7-m/nofp/crtbegin.o
 *(.init)
 .init          0x08009250        0x4 c:/program files (x86)/gnu arm embedded toolchain/10 2021.10/bin/../lib/gcc/arm-none-eabi/10.3.1/thumb/v7-m/nofp/crti.o
                0x08009250                _init
 .init          0x08009254        0x8 c:/program files (x86)/gnu arm embedded toolchain/10 2021.10/bin/../lib/gcc/arm-none-eabi/10.3.1/thumb/v7-m/nofp/crtn.o
 *(.fini)
 .fini          0x0800925c        0x4 c:/program files (x86)/gnu arm embedded toolchain/10 2021.10/bin/../lib/gcc/arm-none-eabi/10.3.1/thumb/v7-m/nofp/crti.o
                0x0800925c                _fini
 .fini          0x08009260        0x8 c:/program files (x86)/gnu arm embedded toolchain/10 2021.10/bin/../lib/gcc/arm-none-eabi/10.3.1/thumb/v7-m/nofp/crtn.o
                0x08009268                . = ALIGN (0x4)
                0x08009268                _etext = .

.vfp11_veneer   0x08009268        0x0
 .vfp11_veneer  0x08009268        0x0 linker stubs

.v4_bx          0x08009268        0x0
 .v4_bx         0x08009268        0x0 linker stubs

.iplt           0x08009268        0x0
 .iplt          0x08009268        0x0 c:/program files (x86)/gnu arm embedded toolchain/10 2021.10/bin/../lib/gcc/arm-none-eabi/10.3.1/thumb/v7-m/nofp/crtbegin.o

.rodata         0x08009268      0x3f0
                0x08009268                . = ALIGN (0x4)
 *(.rodata)
 .rodata        0x08009268       0x70 build/freertos.o
 *(.rodata*)
 .rodata.TFT_Itoa.str1.4
                0x080092d8       0x10 build/tft.o
 .rodata.str1.4
                0x080092e8       0x38 build/freertos.o
 .rodata.StartImageTask.str1.4
                0x08009320       0x91 build/freertos.o
 *fill*         0x080093b1        0x3 
 .rodata.AHBPrescTable
                0x080093b4       0x10 build/system_stm32f1xx.o
                0x080093b4                AHBPrescTable
 .rodata.APBPrescTable
                0x080093c4        0x8 build/system_stm32f1xx.o
                0x080093c4                APBPrescTable
 .rodata.HAL_RCC_GetSysClockFreq.str1.4
                0x080093cc       0x11 build/stm32f1xx_hal_rcc.o
 *fill*         0x080093dd        0x3 
 .rodata.vTaskStartScheduler.str1.4
                0x080093e0        0x5 build/tasks.o
 *fill*         0x080093e5        0x3 
 .rodata._global_impure_ptr
                0x080093e8        0x4 c:/program files (x86)/gnu arm embedded toolchain/10 2021.10/bin/../lib/gcc/arm-none-eabi/10.3.1/../../../../arm-none-eabi/lib/thumb/v7-m/nofp\libc_nano.a(lib_a-impure.o)
                0x080093e8                _global_impure_ptr
 .rodata.__sf_fake_stderr
                0x080093ec       0x20 c:/program files (x86)/gnu arm embedded toolchain/10 2021.10/bin/../lib/gcc/arm-none-eabi/10.3.1/../../../../arm-none-eabi/lib/thumb/v7-m/nofp\libc_nano.a(lib_a-findfp.o)
                0x080093ec                __sf_fake_stderr
 .rodata.__sf_fake_stdin
                0x0800940c       0x20 c:/program files (x86)/gnu arm embedded toolchain/10 2021.10/bin/../lib/gcc/arm-none-eabi/10.3.1/../../../../arm-none-eabi/lib/thumb/v7-m/nofp\libc_nano.a(lib_a-findfp.o)
                0x0800940c                __sf_fake_stdin
 .rodata.__sf_fake_stdout
                0x0800942c       0x20 c:/program files (x86)/gnu arm embedded toolchain/10 2021.10/bin/../lib/gcc/arm-none-eabi/10.3.1/../../../../arm-none-eabi/lib/thumb/v7-m/nofp\libc_nano.a(lib_a-findfp.o)
                0x0800942c                __sf_fake_stdout
 .rodata._vfprintf_r.str1.1
                0x0800944c       0x11 c:/program files (x86)/gnu arm embedded toolchain/10 2021.10/bin/../lib/gcc/arm-none-eabi/10.3.1/../../../../arm-none-eabi/lib/thumb/v7-m/nofp\libc_nano.a(lib_a-nano-vfprintf.o)
 .rodata._printf_i.str1.1
                0x0800945d       0x22 c:/program files (x86)/gnu arm embedded toolchain/10 2021.10/bin/../lib/gcc/arm-none-eabi/10.3.1/../../../../arm-none-eabi/lib/thumb/v7-m/nofp\libc_nano.a(lib_a-nano-vfprintf_i.o)
 .rodata.log10.str1.4
                0x0800947f        0x5 c:/program files (x86)/gnu arm embedded toolchain/10 2021.10/bin/../lib/gcc/arm-none-eabi/10.3.1/../../../../arm-none-eabi/lib/thumb/v7-m/nofp\libm.a(lib_a-w_log10.o)
                                  0x1 (size before relaxing)
 *fill*         0x0800947f        0x1 
 .rodata.npio2_hw
                0x08009480       0x80 c:/program files (x86)/gnu arm embedded toolchain/10 2021.10/bin/../lib/gcc/arm-none-eabi/10.3.1/../../../../arm-none-eabi/lib/thumb/v7-m/nofp\libm.a(lib_a-e_rem_pio2.o)
 .rodata.two_over_pi
                0x08009500      0x108 c:/program files (x86)/gnu arm embedded toolchain/10 2021.10/bin/../lib/gcc/arm-none-eabi/10.3.1/../../../../arm-none-eabi/lib/thumb/v7-m/nofp\libm.a(lib_a-e_rem_pio2.o)
 .rodata.PIo2   0x08009608       0x40 c:/program files (x86)/gnu arm embedded toolchain/10 2021.10/bin/../lib/gcc/arm-none-eabi/10.3.1/../../../../arm-none-eabi/lib/thumb/v7-m/nofp\libm.a(lib_a-k_rem_pio2.o)
 .rodata.init_jk
                0x08009648       0x10 c:/program files (x86)/gnu arm embedded toolchain/10 2021.10/bin/../lib/gcc/arm-none-eabi/10.3.1/../../../../arm-none-eabi/lib/thumb/v7-m/nofp\libm.a(lib_a-k_rem_pio2.o)
                0x08009658                . = ALIGN (0x4)

.rel.dyn        0x08009658        0x0
 .rel.iplt      0x08009658        0x0 c:/program files (x86)/gnu arm embedded toolchain/10 2021.10/bin/../lib/gcc/arm-none-eabi/10.3.1/thumb/v7-m/nofp/crtbegin.o

.ARM.extab
 *(.ARM.extab* .gnu.linkonce.armextab.*)

.ARM            0x08009658        0x0
                0x08009658                __exidx_start = .
 *(.ARM.exidx*)
                0x08009658                __exidx_end = .

.preinit_array  0x08009658        0x0
                0x08009658                PROVIDE (__preinit_array_start = .)
 *(.preinit_array*)
                0x08009658                PROVIDE (__preinit_array_end = .)

.init_array     0x08009658        0x4
                0x08009658                PROVIDE (__init_array_start = .)
 *(SORT_BY_NAME(.init_array.*))
 *(.init_array*)
 .init_array    0x08009658        0x4 c:/program files (x86)/gnu arm embedded toolchain/10 2021.10/bin/../lib/gcc/arm-none-eabi/10.3.1/thumb/v7-m/nofp/crtbegin.o
                0x0800965c                PROVIDE (__init_array_end = .)

.fini_array     0x0800965c        0x4
                [!provide]                PROVIDE (__fini_array_start = .)
 *(SORT_BY_NAME(.fini_array.*))
 *(.fini_array*)
 .fini_array    0x0800965c        0x4 c:/program files (x86)/gnu arm embedded toolchain/10 2021.10/bin/../lib/gcc/arm-none-eabi/10.3.1/thumb/v7-m/nofp/crtbegin.o
                [!provide]                PROVIDE (__fini_array_end = .)
                0x08009660                _sidata = LOADADDR (.data)

.data           0x20000000      0x98c load address 0x08009660
                0x20000000                . = ALIGN (0x4)
                0x20000000                _sdata = .
 *(.data)
 *(.data*)
 .data.music_ready
                0x20000000      0x194 build/beep.o
                0x20000000                music_ready
 .data.music_thank
                0x20000194      0x194 build/beep.o
                0x20000194                music_thank
 .data.TFT_chara
                0x20000328      0x5f0 build/tft.o
                0x20000328                TFT_chara
 .data.SystemCoreClock
                0x20000918        0x4 build/system_stm32f1xx.o
                0x20000918                SystemCoreClock
 .data.uwTickFreq
                0x2000091c        0x1 build/stm32f1xx_hal.o
                0x2000091c                uwTickFreq
 *fill*         0x2000091d        0x3 
 .data.uwTickPrio
                0x20000920        0x4 build/stm32f1xx_hal.o
                0x20000920                uwTickPrio
 .data.uxCriticalNesting
                0x20000924        0x4 build/port.o
 .data._impure_ptr
                0x20000928        0x4 c:/program files (x86)/gnu arm embedded toolchain/10 2021.10/bin/../lib/gcc/arm-none-eabi/10.3.1/../../../../arm-none-eabi/lib/thumb/v7-m/nofp\libc_nano.a(lib_a-impure.o)
                0x20000928                _impure_ptr
 .data.impure_data
                0x2000092c       0x60 c:/program files (x86)/gnu arm embedded toolchain/10 2021.10/bin/../lib/gcc/arm-none-eabi/10.3.1/../../../../arm-none-eabi/lib/thumb/v7-m/nofp\libc_nano.a(lib_a-impure.o)
                0x2000098c                . = ALIGN (0x4)
                0x2000098c                _edata = .

.igot.plt       0x2000098c        0x0 load address 0x08009fec
 .igot.plt      0x2000098c        0x0 c:/program files (x86)/gnu arm embedded toolchain/10 2021.10/bin/../lib/gcc/arm-none-eabi/10.3.1/thumb/v7-m/nofp/crtbegin.o
                0x2000098c                . = ALIGN (0x4)

.bss            0x2000098c     0x1348 load address 0x08009fec
                0x2000098c                _sbss = .
                0x2000098c                __bss_start__ = _sbss
 *(.bss)
 .bss           0x2000098c       0x1c c:/program files (x86)/gnu arm embedded toolchain/10 2021.10/bin/../lib/gcc/arm-none-eabi/10.3.1/thumb/v7-m/nofp/crtbegin.o
 *(.bss*)
 .bss.str.0     0x200009a8        0x7 build/tft.o
 *fill*         0x200009af        0x1 
 .bss.Image_TaskHandle
                0x200009b0        0x4 build/freertos.o
                0x200009b0                Image_TaskHandle
 .bss.MotorServo_TaskHandle
                0x200009b4        0x4 build/freertos.o
                0x200009b4                MotorServo_TaskHandle
 .bss.PS2_Recv_TaskHandle
                0x200009b8        0x4 build/freertos.o
                0x200009b8                PS2_Recv_TaskHandle
 .bss.defaultTaskHandle
                0x200009bc        0x4 build/freertos.o
                0x200009bc                defaultTaskHandle
 .bss.motor_lb  0x200009c0        0x4 build/freertos.o
                0x200009c0                motor_lb
 .bss.motor_lf  0x200009c4        0x4 build/freertos.o
                0x200009c4                motor_lf
 .bss.motor_rb  0x200009c8        0x4 build/freertos.o
                0x200009c8                motor_rb
 .bss.motor_rf  0x200009cc        0x4 build/freertos.o
                0x200009cc                motor_rf
 .bss.mv_rx     0x200009d0        0x7 build/freertos.o
                0x200009d0                mv_rx
 *fill*         0x200009d7        0x1 
 .bss.ps2_rx    0x200009d8        0x9 build/freertos.o
                0x200009d8                ps2_rx
 *fill*         0x200009e1        0x3 
 .bss.state     0x200009e4        0xe build/freertos.o
                0x200009e4                state
 *fill*         0x200009f2        0x2 
 .bss.xIdleStack
                0x200009f4      0x200 build/freertos.o
 .bss.xIdleTaskTCBBuffer
                0x20000bf4       0x54 build/freertos.o
 .bss.htim2     0x20000c48       0x48 build/tim.o
                0x20000c48                htim2
 .bss.htim4     0x20000c90       0x48 build/tim.o
                0x20000c90                htim4
 .bss.htim5     0x20000cd8       0x48 build/tim.o
                0x20000cd8                htim5
 .bss.htim8     0x20000d20       0x48 build/tim.o
                0x20000d20                htim8
 .bss.htim6     0x20000d68       0x48 build/stm32f1xx_hal_timebase_tim.o
                0x20000d68                htim6
 .bss.hdma_spi2_tx
                0x20000db0       0x44 build/spi.o
                0x20000db0                hdma_spi2_tx
 .bss.hspi1     0x20000df4       0x58 build/spi.o
                0x20000df4                hspi1
 .bss.hspi2     0x20000e4c       0x58 build/spi.o
                0x20000e4c                hspi2
 .bss.uwTick    0x20000ea4        0x4 build/stm32f1xx_hal.o
                0x20000ea4                uwTick
 .bss.pxCurrentTCB
                0x20000ea8        0x4 build/tasks.o
                0x20000ea8                pxCurrentTCB
 .bss.pxDelayedTaskList
                0x20000eac        0x4 build/tasks.o
 .bss.pxOverflowDelayedTaskList
                0x20000eb0        0x4 build/tasks.o
 .bss.pxReadyTasksLists
                0x20000eb4       0x8c build/tasks.o
 .bss.uxCurrentNumberOfTasks
                0x20000f40        0x4 build/tasks.o
 .bss.uxDeletedTasksWaitingCleanUp
                0x20000f44        0x4 build/tasks.o
 .bss.uxPendedTicks
                0x20000f48        0x4 build/tasks.o
 .bss.uxSchedulerSuspended
                0x20000f4c        0x4 build/tasks.o
 .bss.uxTaskNumber
                0x20000f50        0x4 build/tasks.o
 .bss.uxTopReadyPriority
                0x20000f54        0x4 build/tasks.o
 .bss.xDelayedTaskList1
                0x20000f58       0x14 build/tasks.o
 .bss.xDelayedTaskList2
                0x20000f6c       0x14 build/tasks.o
 .bss.xIdleTaskHandle
                0x20000f80        0x4 build/tasks.o
 .bss.xNextTaskUnblockTime
                0x20000f84        0x4 build/tasks.o
 .bss.xNumOfOverflows
                0x20000f88        0x4 build/tasks.o
 .bss.xPendingReadyList
                0x20000f8c       0x14 build/tasks.o
 .bss.xSchedulerRunning
                0x20000fa0        0x4 build/tasks.o
 .bss.xSuspendedTaskList
                0x20000fa4       0x14 build/tasks.o
 .bss.xTasksWaitingTermination
                0x20000fb8       0x14 build/tasks.o
 .bss.xTickCount
                0x20000fcc        0x4 build/tasks.o
 .bss.xYieldPending
                0x20000fd0        0x4 build/tasks.o
 .bss.pxEnd     0x20000fd4        0x4 build/heap_4.o
 .bss.ucHeap    0x20000fd8      0xc00 build/heap_4.o
 .bss.xBlockAllocatedBit
                0x20001bd8        0x4 build/heap_4.o
 .bss.xFreeBytesRemaining
                0x20001bdc        0x4 build/heap_4.o
 .bss.xMinimumEverFreeBytesRemaining
                0x20001be0        0x4 build/heap_4.o
 .bss.xStart    0x20001be4        0x8 build/heap_4.o
 .bss.ucMaxSysCallPriority
                0x20001bec        0x1 build/port.o
 *fill*         0x20001bed        0x3 
 .bss.ulMaxPRIGROUPValue
                0x20001bf0        0x4 build/port.o
 .bss.hdma_usart3_rx
                0x20001bf4       0x44 build/usart.o
                0x20001bf4                hdma_usart3_rx
 .bss.huart3    0x20001c38       0x44 build/usart.o
                0x20001c38                huart3
 .bss.huart5    0x20001c7c       0x44 build/usart.o
                0x20001c7c                huart5
 .bss.__malloc_free_list
                0x20001cc0        0x4 c:/program files (x86)/gnu arm embedded toolchain/10 2021.10/bin/../lib/gcc/arm-none-eabi/10.3.1/../../../../arm-none-eabi/lib/thumb/v7-m/nofp\libc_nano.a(lib_a-nano-mallocr.o)
                0x20001cc0                __malloc_free_list
 .bss.__malloc_sbrk_start
                0x20001cc4        0x4 c:/program files (x86)/gnu arm embedded toolchain/10 2021.10/bin/../lib/gcc/arm-none-eabi/10.3.1/../../../../arm-none-eabi/lib/thumb/v7-m/nofp\libc_nano.a(lib_a-nano-mallocr.o)
                0x20001cc4                __malloc_sbrk_start
 .bss.__lock___malloc_recursive_mutex
                0x20001cc8        0x1 c:/program files (x86)/gnu arm embedded toolchain/10 2021.10/bin/../lib/gcc/arm-none-eabi/10.3.1/../../../../arm-none-eabi/lib/thumb/v7-m/nofp\libc_nano.a(lib_a-lock.o)
                0x20001cc8                __lock___malloc_recursive_mutex
 .bss.__lock___sfp_recursive_mutex
                0x20001cc9        0x1 c:/program files (x86)/gnu arm embedded toolchain/10 2021.10/bin/../lib/gcc/arm-none-eabi/10.3.1/../../../../arm-none-eabi/lib/thumb/v7-m/nofp\libc_nano.a(lib_a-lock.o)
                0x20001cc9                __lock___sfp_recursive_mutex
 .bss.__lock___sinit_recursive_mutex
                0x20001cca        0x1 c:/program files (x86)/gnu arm embedded toolchain/10 2021.10/bin/../lib/gcc/arm-none-eabi/10.3.1/../../../../arm-none-eabi/lib/thumb/v7-m/nofp\libc_nano.a(lib_a-lock.o)
                0x20001cca                __lock___sinit_recursive_mutex
 *fill*         0x20001ccb        0x1 
 .bss.errno     0x20001ccc        0x4 c:/program files (x86)/gnu arm embedded toolchain/10 2021.10/bin/../lib/gcc/arm-none-eabi/10.3.1/../../../../arm-none-eabi/lib/thumb/v7-m/nofp\libc_nano.a(lib_a-reent.o)
                0x20001ccc                errno
 .bss.heap_end.0
                0x20001cd0        0x4 c:/program files (x86)/gnu arm embedded toolchain/10 2021.10/bin/../lib/gcc/arm-none-eabi/10.3.1/../../../../arm-none-eabi/lib/thumb/v7-m/nofp\libnosys.a(sbrk.o)
 *(COMMON)
                0x20001cd4                . = ALIGN (0x4)
                0x20001cd4                _ebss = .
                0x20001cd4                __bss_end__ = _ebss

._user_heap_stack
                0x20001cd4      0x604 load address 0x08009fec
                0x20001cd8                . = ALIGN (0x8)
 *fill*         0x20001cd4        0x4 
                0x20001cd8                PROVIDE (end = .)
                [!provide]                PROVIDE (_end = .)
                0x20001ed8                . = (. + _Min_Heap_Size)
 *fill*         0x20001cd8      0x200 
                0x200022d8                . = (. + _Min_Stack_Size)
 *fill*         0x20001ed8      0x400 
                0x200022d8                . = ALIGN (0x8)

/DISCARD/
 libc.a(*)
 libm.a(*)
 libgcc.a(*)

.ARM.attributes
                0x00000000       0x29
 *(.ARM.attributes)
 .ARM.attributes
                0x00000000       0x1d c:/program files (x86)/gnu arm embedded toolchain/10 2021.10/bin/../lib/gcc/arm-none-eabi/10.3.1/thumb/v7-m/nofp/crti.o
 .ARM.attributes
                0x0000001d       0x2d c:/program files (x86)/gnu arm embedded toolchain/10 2021.10/bin/../lib/gcc/arm-none-eabi/10.3.1/thumb/v7-m/nofp/crtbegin.o
 .ARM.attributes
                0x0000004a       0x2d build/main.o
 .ARM.attributes
                0x00000077       0x2d build/ps2.o
 .ARM.attributes
                0x000000a4       0x2d build/motor.o
 .ARM.attributes
                0x000000d1       0x2d build/beep.o
 .ARM.attributes
                0x000000fe       0x2d build/tft.o
 .ARM.attributes
                0x0000012b       0x2d build/bsp.o
 .ARM.attributes
                0x00000158       0x2d build/gpio.o
 .ARM.attributes
                0x00000185       0x2d build/freertos.o
 .ARM.attributes
                0x000001b2       0x2d build/tim.o
 .ARM.attributes
                0x000001df       0x2d build/stm32f1xx_it.o
 .ARM.attributes
                0x0000020c       0x2d build/stm32f1xx_hal_msp.o
 .ARM.attributes
                0x00000239       0x2d build/stm32f1xx_hal_timebase_tim.o
 .ARM.attributes
                0x00000266       0x2d build/system_stm32f1xx.o
 .ARM.attributes
                0x00000293       0x2d build/spi.o
 .ARM.attributes
                0x000002c0       0x2d build/stm32f1xx_hal.o
 .ARM.attributes
                0x000002ed       0x2d build/stm32f1xx_hal_rcc.o
 .ARM.attributes
                0x0000031a       0x2d build/stm32f1xx_hal_gpio.o
 .ARM.attributes
                0x00000347       0x2d build/stm32f1xx_hal_dma.o
 .ARM.attributes
                0x00000374       0x2d build/stm32f1xx_hal_cortex.o
 .ARM.attributes
                0x000003a1       0x2d build/stm32f1xx_hal_spi.o
 .ARM.attributes
                0x000003ce       0x2d build/stm32f1xx_hal_tim.o
 .ARM.attributes
                0x000003fb       0x2d build/stm32f1xx_hal_tim_ex.o
 .ARM.attributes
                0x00000428       0x2d build/list.o
 .ARM.attributes
                0x00000455       0x2d build/tasks.o
 .ARM.attributes
                0x00000482       0x2d build/cmsis_os.o
 .ARM.attributes
                0x000004af       0x2d build/heap_4.o
 .ARM.attributes
                0x000004dc       0x2d build/port.o
 .ARM.attributes
                0x00000509       0x2d build/usart.o
 .ARM.attributes
                0x00000536       0x2d build/stm32f1xx_hal_uart.o
 .ARM.attributes
                0x00000563       0x2d build/dma.o
 .ARM.attributes
                0x00000590       0x21 build/startup_stm32f103xe.o
 .ARM.attributes
                0x000005b1       0x2d c:/program files (x86)/gnu arm embedded toolchain/10 2021.10/bin/../lib/gcc/arm-none-eabi/10.3.1/../../../../arm-none-eabi/lib/thumb/v7-m/nofp\libc_nano.a(lib_a-impure.o)
 .ARM.attributes
                0x000005de       0x2d c:/program files (x86)/gnu arm embedded toolchain/10 2021.10/bin/../lib/gcc/arm-none-eabi/10.3.1/../../../../arm-none-eabi/lib/thumb/v7-m/nofp\libc_nano.a(lib_a-init.o)
 .ARM.attributes
                0x0000060b       0x2d c:/program files (x86)/gnu arm embedded toolchain/10 2021.10/bin/../lib/gcc/arm-none-eabi/10.3.1/../../../../arm-none-eabi/lib/thumb/v7-m/nofp\libc_nano.a(lib_a-malloc.o)
 .ARM.attributes
                0x00000638       0x2d c:/program files (x86)/gnu arm embedded toolchain/10 2021.10/bin/../lib/gcc/arm-none-eabi/10.3.1/../../../../arm-none-eabi/lib/thumb/v7-m/nofp\libc_nano.a(lib_a-memcpy-stub.o)
 .ARM.attributes
                0x00000665       0x2d c:/program files (x86)/gnu arm embedded toolchain/10 2021.10/bin/../lib/gcc/arm-none-eabi/10.3.1/../../../../arm-none-eabi/lib/thumb/v7-m/nofp\libc_nano.a(lib_a-memset.o)
 .ARM.attributes
                0x00000692       0x2d c:/program files (x86)/gnu arm embedded toolchain/10 2021.10/bin/../lib/gcc/arm-none-eabi/10.3.1/../../../../arm-none-eabi/lib/thumb/v7-m/nofp\libc_nano.a(lib_a-nano-freer.o)
 .ARM.attributes
                0x000006bf       0x2d c:/program files (x86)/gnu arm embedded toolchain/10 2021.10/bin/../lib/gcc/arm-none-eabi/10.3.1/../../../../arm-none-eabi/lib/thumb/v7-m/nofp\libc_nano.a(lib_a-nano-mallocr.o)
 .ARM.attributes
                0x000006ec       0x2d c:/program files (x86)/gnu arm embedded toolchain/10 2021.10/bin/../lib/gcc/arm-none-eabi/10.3.1/../../../../arm-none-eabi/lib/thumb/v7-m/nofp\libc_nano.a(lib_a-printf.o)
 .ARM.attributes
                0x00000719       0x2d c:/program files (x86)/gnu arm embedded toolchain/10 2021.10/bin/../lib/gcc/arm-none-eabi/10.3.1/../../../../arm-none-eabi/lib/thumb/v7-m/nofp\libc_nano.a(lib_a-sbrkr.o)
 .ARM.attributes
                0x00000746       0x2d c:/program files (x86)/gnu arm embedded toolchain/10 2021.10/bin/../lib/gcc/arm-none-eabi/10.3.1/../../../../arm-none-eabi/lib/thumb/v7-m/nofp\libc_nano.a(lib_a-strcat.o)
 .ARM.attributes
                0x00000773       0x17 c:/program files (x86)/gnu arm embedded toolchain/10 2021.10/bin/../lib/gcc/arm-none-eabi/10.3.1/../../../../arm-none-eabi/lib/thumb/v7-m/nofp\libc_nano.a(lib_a-strlen.o)
 .ARM.attributes
                0x0000078a       0x2d c:/program files (x86)/gnu arm embedded toolchain/10 2021.10/bin/../lib/gcc/arm-none-eabi/10.3.1/../../../../arm-none-eabi/lib/thumb/v7-m/nofp\libc_nano.a(lib_a-findfp.o)
 .ARM.attributes
                0x000007b7       0x2d c:/program files (x86)/gnu arm embedded toolchain/10 2021.10/bin/../lib/gcc/arm-none-eabi/10.3.1/../../../../arm-none-eabi/lib/thumb/v7-m/nofp\libc_nano.a(lib_a-fwalk.o)
 .ARM.attributes
                0x000007e4       0x2d c:/program files (x86)/gnu arm embedded toolchain/10 2021.10/bin/../lib/gcc/arm-none-eabi/10.3.1/../../../../arm-none-eabi/lib/thumb/v7-m/nofp\libc_nano.a(lib_a-lock.o)
 .ARM.attributes
                0x00000811       0x2d c:/program files (x86)/gnu arm embedded toolchain/10 2021.10/bin/../lib/gcc/arm-none-eabi/10.3.1/../../../../arm-none-eabi/lib/thumb/v7-m/nofp\libc_nano.a(lib_a-mlock.o)
 .ARM.attributes
                0x0000083e       0x2d c:/program files (x86)/gnu arm embedded toolchain/10 2021.10/bin/../lib/gcc/arm-none-eabi/10.3.1/../../../../arm-none-eabi/lib/thumb/v7-m/nofp\libc_nano.a(lib_a-nano-vfprintf.o)
 .ARM.attributes
                0x0000086b       0x2d c:/program files (x86)/gnu arm embedded toolchain/10 2021.10/bin/../lib/gcc/arm-none-eabi/10.3.1/../../../../arm-none-eabi/lib/thumb/v7-m/nofp\libc_nano.a(lib_a-nano-vfprintf_i.o)
 .ARM.attributes
                0x00000898       0x2d c:/program files (x86)/gnu arm embedded toolchain/10 2021.10/bin/../lib/gcc/arm-none-eabi/10.3.1/../../../../arm-none-eabi/lib/thumb/v7-m/nofp\libc_nano.a(lib_a-reent.o)
 .ARM.attributes
                0x000008c5       0x2d c:/program files (x86)/gnu arm embedded toolchain/10 2021.10/bin/../lib/gcc/arm-none-eabi/10.3.1/../../../../arm-none-eabi/lib/thumb/v7-m/nofp\libc_nano.a(lib_a-stdio.o)
 .ARM.attributes
                0x000008f2       0x2d c:/program files (x86)/gnu arm embedded toolchain/10 2021.10/bin/../lib/gcc/arm-none-eabi/10.3.1/../../../../arm-none-eabi/lib/thumb/v7-m/nofp\libc_nano.a(lib_a-wbuf.o)
 .ARM.attributes
                0x0000091f       0x2d c:/program files (x86)/gnu arm embedded toolchain/10 2021.10/bin/../lib/gcc/arm-none-eabi/10.3.1/../../../../arm-none-eabi/lib/thumb/v7-m/nofp\libc_nano.a(lib_a-writer.o)
 .ARM.attributes
                0x0000094c       0x2d c:/program files (x86)/gnu arm embedded toolchain/10 2021.10/bin/../lib/gcc/arm-none-eabi/10.3.1/../../../../arm-none-eabi/lib/thumb/v7-m/nofp\libc_nano.a(lib_a-wsetup.o)
 .ARM.attributes
                0x00000979       0x2d c:/program files (x86)/gnu arm embedded toolchain/10 2021.10/bin/../lib/gcc/arm-none-eabi/10.3.1/../../../../arm-none-eabi/lib/thumb/v7-m/nofp\libc_nano.a(lib_a-closer.o)
 .ARM.attributes
                0x000009a6       0x2d c:/program files (x86)/gnu arm embedded toolchain/10 2021.10/bin/../lib/gcc/arm-none-eabi/10.3.1/../../../../arm-none-eabi/lib/thumb/v7-m/nofp\libc_nano.a(lib_a-fflush.o)
 .ARM.attributes
                0x000009d3       0x2d c:/program files (x86)/gnu arm embedded toolchain/10 2021.10/bin/../lib/gcc/arm-none-eabi/10.3.1/../../../../arm-none-eabi/lib/thumb/v7-m/nofp\libc_nano.a(lib_a-lseekr.o)
 .ARM.attributes
                0x00000a00       0x2d c:/program files (x86)/gnu arm embedded toolchain/10 2021.10/bin/../lib/gcc/arm-none-eabi/10.3.1/../../../../arm-none-eabi/lib/thumb/v7-m/nofp\libc_nano.a(lib_a-makebuf.o)
 .ARM.attributes
                0x00000a2d       0x2d c:/program files (x86)/gnu arm embedded toolchain/10 2021.10/bin/../lib/gcc/arm-none-eabi/10.3.1/../../../../arm-none-eabi/lib/thumb/v7-m/nofp\libc_nano.a(lib_a-memchr-stub.o)
 .ARM.attributes
                0x00000a5a       0x2d c:/program files (x86)/gnu arm embedded toolchain/10 2021.10/bin/../lib/gcc/arm-none-eabi/10.3.1/../../../../arm-none-eabi/lib/thumb/v7-m/nofp\libc_nano.a(lib_a-readr.o)
 .ARM.attributes
                0x00000a87       0x2d c:/program files (x86)/gnu arm embedded toolchain/10 2021.10/bin/../lib/gcc/arm-none-eabi/10.3.1/../../../../arm-none-eabi/lib/thumb/v7-m/nofp\libc_nano.a(lib_a-fstatr.o)
 .ARM.attributes
                0x00000ab4       0x2d c:/program files (x86)/gnu arm embedded toolchain/10 2021.10/bin/../lib/gcc/arm-none-eabi/10.3.1/../../../../arm-none-eabi/lib/thumb/v7-m/nofp\libc_nano.a(lib_a-isattyr.o)
 .ARM.attributes
                0x00000ae1       0x2d c:/program files (x86)/gnu arm embedded toolchain/10 2021.10/bin/../lib/gcc/arm-none-eabi/10.3.1/../../../../arm-none-eabi/lib/thumb/v7-m/nofp\libm.a(lib_a-s_cos.o)
 .ARM.attributes
                0x00000b0e       0x2d c:/program files (x86)/gnu arm embedded toolchain/10 2021.10/bin/../lib/gcc/arm-none-eabi/10.3.1/../../../../arm-none-eabi/lib/thumb/v7-m/nofp\libm.a(lib_a-s_sin.o)
 .ARM.attributes
                0x00000b3b       0x2d c:/program files (x86)/gnu arm embedded toolchain/10 2021.10/bin/../lib/gcc/arm-none-eabi/10.3.1/../../../../arm-none-eabi/lib/thumb/v7-m/nofp\libm.a(lib_a-w_log10.o)
 .ARM.attributes
                0x00000b68       0x2d c:/program files (x86)/gnu arm embedded toolchain/10 2021.10/bin/../lib/gcc/arm-none-eabi/10.3.1/../../../../arm-none-eabi/lib/thumb/v7-m/nofp\libm.a(lib_a-w_pow.o)
 .ARM.attributes
                0x00000b95       0x2d c:/program files (x86)/gnu arm embedded toolchain/10 2021.10/bin/../lib/gcc/arm-none-eabi/10.3.1/../../../../arm-none-eabi/lib/thumb/v7-m/nofp\libm.a(lib_a-e_log10.o)
 .ARM.attributes
                0x00000bc2       0x2d c:/program files (x86)/gnu arm embedded toolchain/10 2021.10/bin/../lib/gcc/arm-none-eabi/10.3.1/../../../../arm-none-eabi/lib/thumb/v7-m/nofp\libm.a(lib_a-e_pow.o)
 .ARM.attributes
                0x00000bef       0x2d c:/program files (x86)/gnu arm embedded toolchain/10 2021.10/bin/../lib/gcc/arm-none-eabi/10.3.1/../../../../arm-none-eabi/lib/thumb/v7-m/nofp\libm.a(lib_a-e_rem_pio2.o)
 .ARM.attributes
                0x00000c1c       0x2d c:/program files (x86)/gnu arm embedded toolchain/10 2021.10/bin/../lib/gcc/arm-none-eabi/10.3.1/../../../../arm-none-eabi/lib/thumb/v7-m/nofp\libm.a(lib_a-e_sqrt.o)
 .ARM.attributes
                0x00000c49       0x2d c:/program files (x86)/gnu arm embedded toolchain/10 2021.10/bin/../lib/gcc/arm-none-eabi/10.3.1/../../../../arm-none-eabi/lib/thumb/v7-m/nofp\libm.a(lib_a-k_cos.o)
 .ARM.attributes
                0x00000c76       0x2d c:/program files (x86)/gnu arm embedded toolchain/10 2021.10/bin/../lib/gcc/arm-none-eabi/10.3.1/../../../../arm-none-eabi/lib/thumb/v7-m/nofp\libm.a(lib_a-k_rem_pio2.o)
 .ARM.attributes
                0x00000ca3       0x2d c:/program files (x86)/gnu arm embedded toolchain/10 2021.10/bin/../lib/gcc/arm-none-eabi/10.3.1/../../../../arm-none-eabi/lib/thumb/v7-m/nofp\libm.a(lib_a-k_sin.o)
 .ARM.attributes
                0x00000cd0       0x2d c:/program files (x86)/gnu arm embedded toolchain/10 2021.10/bin/../lib/gcc/arm-none-eabi/10.3.1/../../../../arm-none-eabi/lib/thumb/v7-m/nofp\libm.a(lib_a-math_err.o)
 .ARM.attributes
                0x00000cfd       0x2d c:/program files (x86)/gnu arm embedded toolchain/10 2021.10/bin/../lib/gcc/arm-none-eabi/10.3.1/../../../../arm-none-eabi/lib/thumb/v7-m/nofp\libm.a(lib_a-s_fabs.o)
 .ARM.attributes
                0x00000d2a       0x2d c:/program files (x86)/gnu arm embedded toolchain/10 2021.10/bin/../lib/gcc/arm-none-eabi/10.3.1/../../../../arm-none-eabi/lib/thumb/v7-m/nofp\libm.a(lib_a-s_finite.o)
 .ARM.attributes
                0x00000d57       0x2d c:/program files (x86)/gnu arm embedded toolchain/10 2021.10/bin/../lib/gcc/arm-none-eabi/10.3.1/../../../../arm-none-eabi/lib/thumb/v7-m/nofp\libm.a(lib_a-s_floor.o)
 .ARM.attributes
                0x00000d84       0x2d c:/program files (x86)/gnu arm embedded toolchain/10 2021.10/bin/../lib/gcc/arm-none-eabi/10.3.1/../../../../arm-none-eabi/lib/thumb/v7-m/nofp\libm.a(lib_a-s_nan.o)
 .ARM.attributes
                0x00000db1       0x2d c:/program files (x86)/gnu arm embedded toolchain/10 2021.10/bin/../lib/gcc/arm-none-eabi/10.3.1/../../../../arm-none-eabi/lib/thumb/v7-m/nofp\libm.a(lib_a-s_scalbn.o)
 .ARM.attributes
                0x00000dde       0x2d c:/program files (x86)/gnu arm embedded toolchain/10 2021.10/bin/../lib/gcc/arm-none-eabi/10.3.1/../../../../arm-none-eabi/lib/thumb/v7-m/nofp\libm.a(lib_a-e_log.o)
 .ARM.attributes
                0x00000e0b       0x2d c:/program files (x86)/gnu arm embedded toolchain/10 2021.10/bin/../lib/gcc/arm-none-eabi/10.3.1/../../../../arm-none-eabi/lib/thumb/v7-m/nofp\libnosys.a(close.o)
 .ARM.attributes
                0x00000e38       0x2d c:/program files (x86)/gnu arm embedded toolchain/10 2021.10/bin/../lib/gcc/arm-none-eabi/10.3.1/../../../../arm-none-eabi/lib/thumb/v7-m/nofp\libnosys.a(fstat.o)
 .ARM.attributes
                0x00000e65       0x2d c:/program files (x86)/gnu arm embedded toolchain/10 2021.10/bin/../lib/gcc/arm-none-eabi/10.3.1/../../../../arm-none-eabi/lib/thumb/v7-m/nofp\libnosys.a(isatty.o)
 .ARM.attributes
                0x00000e92       0x2d c:/program files (x86)/gnu arm embedded toolchain/10 2021.10/bin/../lib/gcc/arm-none-eabi/10.3.1/../../../../arm-none-eabi/lib/thumb/v7-m/nofp\libnosys.a(lseek.o)
 .ARM.attributes
                0x00000ebf       0x2d c:/program files (x86)/gnu arm embedded toolchain/10 2021.10/bin/../lib/gcc/arm-none-eabi/10.3.1/../../../../arm-none-eabi/lib/thumb/v7-m/nofp\libnosys.a(read.o)
 .ARM.attributes
                0x00000eec       0x2d c:/program files (x86)/gnu arm embedded toolchain/10 2021.10/bin/../lib/gcc/arm-none-eabi/10.3.1/../../../../arm-none-eabi/lib/thumb/v7-m/nofp\libnosys.a(sbrk.o)
 .ARM.attributes
                0x00000f19       0x2d c:/program files (x86)/gnu arm embedded toolchain/10 2021.10/bin/../lib/gcc/arm-none-eabi/10.3.1/../../../../arm-none-eabi/lib/thumb/v7-m/nofp\libnosys.a(write.o)
 .ARM.attributes
                0x00000f46       0x1d c:/program files (x86)/gnu arm embedded toolchain/10 2021.10/bin/../lib/gcc/arm-none-eabi/10.3.1/thumb/v7-m/nofp\libgcc.a(_arm_mulsf3.o)
 .ARM.attributes
                0x00000f63       0x1d c:/program files (x86)/gnu arm embedded toolchain/10 2021.10/bin/../lib/gcc/arm-none-eabi/10.3.1/thumb/v7-m/nofp\libgcc.a(_arm_addsubdf3.o)
 .ARM.attributes
                0x00000f80       0x1d c:/program files (x86)/gnu arm embedded toolchain/10 2021.10/bin/../lib/gcc/arm-none-eabi/10.3.1/thumb/v7-m/nofp\libgcc.a(_arm_muldivdf3.o)
 .ARM.attributes
                0x00000f9d       0x1d c:/program files (x86)/gnu arm embedded toolchain/10 2021.10/bin/../lib/gcc/arm-none-eabi/10.3.1/thumb/v7-m/nofp\libgcc.a(_arm_cmpdf2.o)
 .ARM.attributes
                0x00000fba       0x1d c:/program files (x86)/gnu arm embedded toolchain/10 2021.10/bin/../lib/gcc/arm-none-eabi/10.3.1/thumb/v7-m/nofp\libgcc.a(_arm_unorddf2.o)
 .ARM.attributes
                0x00000fd7       0x1d c:/program files (x86)/gnu arm embedded toolchain/10 2021.10/bin/../lib/gcc/arm-none-eabi/10.3.1/thumb/v7-m/nofp\libgcc.a(_arm_fixdfsi.o)
 .ARM.attributes
                0x00000ff4       0x1d c:/program files (x86)/gnu arm embedded toolchain/10 2021.10/bin/../lib/gcc/arm-none-eabi/10.3.1/thumb/v7-m/nofp\libgcc.a(_arm_fixunsdfsi.o)
 .ARM.attributes
                0x00001011       0x1d c:/program files (x86)/gnu arm embedded toolchain/10 2021.10/bin/../lib/gcc/arm-none-eabi/10.3.1/thumb/v7-m/nofp\libgcc.a(_arm_truncdfsf2.o)
 .ARM.attributes
                0x0000102e       0x1d c:/program files (x86)/gnu arm embedded toolchain/10 2021.10/bin/../lib/gcc/arm-none-eabi/10.3.1/thumb/v7-m/nofp\libgcc.a(_arm_addsubsf3.o)
 .ARM.attributes
                0x0000104b       0x1d c:/program files (x86)/gnu arm embedded toolchain/10 2021.10/bin/../lib/gcc/arm-none-eabi/10.3.1/thumb/v7-m/nofp\libgcc.a(_arm_fixunssfsi.o)
 .ARM.attributes
                0x00001068       0x2d c:/program files (x86)/gnu arm embedded toolchain/10 2021.10/bin/../lib/gcc/arm-none-eabi/10.3.1/../../../../arm-none-eabi/lib/thumb/v7-m/nofp\libc_nano.a(lib_a-errno.o)
 .ARM.attributes
                0x00001095       0x1d c:/program files (x86)/gnu arm embedded toolchain/10 2021.10/bin/../lib/gcc/arm-none-eabi/10.3.1/thumb/v7-m/nofp/crtn.o
OUTPUT(build/CreationA_V1.elf elf32-littlearm)
LOAD linker stubs
LOAD c:/program files (x86)/gnu arm embedded toolchain/10 2021.10/bin/../lib/gcc/arm-none-eabi/10.3.1/../../../../arm-none-eabi/lib/thumb/v7-m/nofp\libc.a
LOAD c:/program files (x86)/gnu arm embedded toolchain/10 2021.10/bin/../lib/gcc/arm-none-eabi/10.3.1/../../../../arm-none-eabi/lib/thumb/v7-m/nofp\libm.a
LOAD c:/program files (x86)/gnu arm embedded toolchain/10 2021.10/bin/../lib/gcc/arm-none-eabi/10.3.1/thumb/v7-m/nofp\libgcc.a

.debug_info     0x00000000    0x1cbfb
 .debug_info    0x00000000      0xa88 build/main.o
 .debug_info    0x00000a88      0xa54 build/ps2.o
 .debug_info    0x000014dc      0x78e build/motor.o
 .debug_info    0x00001c6a      0x31d build/beep.o
 .debug_info    0x00001f87     0x1f8e build/tft.o
 .debug_info    0x00003f15      0x724 build/bsp.o
 .debug_info    0x00004639      0x460 build/gpio.o
 .debug_info    0x00004a99     0x1b3a build/freertos.o
 .debug_info    0x000065d3     0x1190 build/tim.o
 .debug_info    0x00007763      0x7be build/stm32f1xx_it.o
 .debug_info    0x00007f21      0x416 build/stm32f1xx_hal_msp.o
 .debug_info    0x00008337      0xb2c build/stm32f1xx_hal_timebase_tim.o
 .debug_info    0x00008e63      0x26e build/system_stm32f1xx.o
 .debug_info    0x000090d1      0xa6c build/spi.o
 .debug_info    0x00009b3d      0x8bb build/stm32f1xx_hal.o
 .debug_info    0x0000a3f8      0xaec build/stm32f1xx_hal_rcc.o
 .debug_info    0x0000aee4      0x6d7 build/stm32f1xx_hal_gpio.o
 .debug_info    0x0000b5bb      0x8ba build/stm32f1xx_hal_dma.o
 .debug_info    0x0000be75      0xe93 build/stm32f1xx_hal_cortex.o
 .debug_info    0x0000cd08     0x1eef build/stm32f1xx_hal_spi.o
 .debug_info    0x0000ebf7     0x3df8 build/stm32f1xx_hal_tim.o
 .debug_info    0x000129ef     0x1b67 build/stm32f1xx_hal_tim_ex.o
 .debug_info    0x00014556      0x309 build/list.o
 .debug_info    0x0001485f     0x2974 build/tasks.o
 .debug_info    0x000171d3     0x23e5 build/cmsis_os.o
 .debug_info    0x000195b8      0x49b build/heap_4.o
 .debug_info    0x00019a53      0x569 build/port.o
 .debug_info    0x00019fbc      0xa60 build/usart.o
 .debug_info    0x0001aa1c     0x1e12 build/stm32f1xx_hal_uart.o
 .debug_info    0x0001c82e      0x3ab build/dma.o
 .debug_info    0x0001cbd9       0x22 build/startup_stm32f103xe.o

.debug_abbrev   0x00000000     0x40bc
 .debug_abbrev  0x00000000      0x214 build/main.o
 .debug_abbrev  0x00000214      0x1c8 build/ps2.o
 .debug_abbrev  0x000003dc      0x1dc build/motor.o
 .debug_abbrev  0x000005b8      0x177 build/beep.o
 .debug_abbrev  0x0000072f      0x328 build/tft.o
 .debug_abbrev  0x00000a57      0x18a build/bsp.o
 .debug_abbrev  0x00000be1      0x13f build/gpio.o
 .debug_abbrev  0x00000d20      0x2d1 build/freertos.o
 .debug_abbrev  0x00000ff1      0x25f build/tim.o
 .debug_abbrev  0x00001250      0x17c build/stm32f1xx_it.o
 .debug_abbrev  0x000013cc      0x130 build/stm32f1xx_hal_msp.o
 .debug_abbrev  0x000014fc      0x1ef build/stm32f1xx_hal_timebase_tim.o
 .debug_abbrev  0x000016eb      0x140 build/system_stm32f1xx.o
 .debug_abbrev  0x0000182b      0x1cd build/spi.o
 .debug_abbrev  0x000019f8      0x1f7 build/stm32f1xx_hal.o
 .debug_abbrev  0x00001bef      0x29a build/stm32f1xx_hal_rcc.o
 .debug_abbrev  0x00001e89      0x222 build/stm32f1xx_hal_gpio.o
 .debug_abbrev  0x000020ab      0x262 build/stm32f1xx_hal_dma.o